Microchip MPLAB XC8 Compiler V2.31

Linker command line:

-W-3 --edf=C:\Program Files\Microchip\xc8\v2.31\pic\dat\en_msgs.txt -cn \
  -h+dist/default/production\ece376_hw9_tmr_ccp.X.production.sym \
  --cmf=dist/default/production\ece376_hw9_tmr_ccp.X.production.cmf -z \
  -Q18F4620 -oC:\Users\almos\AppData\Local\Temp\sguc.2 \
  --defsym=__MPLAB_BUILD=1 \
  -Mdist/default/production/ece376_hw9_tmr_ccp.X.production.map -E1 \
  -ver=XC8 Compiler --acfsm=1493 -ASTACK=0130h-0F7Fh -pstack=STACK \
  -ACODE=00h-0FFFFh -ACONST=00h-0FFFFh -ASMALLCONST=01000h-010FFhx240 \
  -AMEDIUMCONST=01000h-0FFFFh -ACOMRAM=01h-07Fh -AABS1=00h-0F7Fh \
  -ABIGRAM=01h-0F7Fh -ARAM=080h-0FFh,0100h-01FFhx14,0F00h-0F7Fh \
  -ABANK0=080h-0FFh -ABANK1=0100h-01FFh -ABANK2=0200h-02FFh \
  -ABANK3=0300h-03FFh -ABANK4=0400h-04FFh -ABANK5=0500h-05FFh \
  -ABANK6=0600h-06FFh -ABANK7=0700h-07FFh -ABANK8=0800h-08FFh \
  -ABANK9=0900h-09FFh -ABANK10=0A00h-0AFFh -ABANK11=0B00h-0BFFh \
  -ABANK12=0C00h-0CFFh -ABANK13=0D00h-0DFFh -ABANK14=0E00h-0EFFh \
  -ABANK15=0F00h-0F7Fh -ASFR=0F80h-0FFFh -ACONFIG=0300000h-030000Dh \
  -AIDLOC=0200000h-0200007h -AEEDATA=0F00000h-0F003FFh -peeprom_data=EEDATA \
  -preset_vec=00h,intcode=08h,intcodelo,powerup,init -pramtop=01000h \
  -psmallconst=SMALLCONST -pmediumconst=MEDIUMCONST -pconst=CONST \
  -AFARRAM=00h-00h \
  -prdata=COMRAM,nvrram=COMRAM,nvbit=COMRAM,rbss=COMRAM,rbit=COMRAM \
  -pfarbss=FARRAM,fardata=FARRAM,nvFARRAM=FARRAM \
  -pintsave_regs=BIGRAM,bigbss=BIGRAM,bigdata=BIGRAM -pbss=RAM \
  -pidata=CODE,irdata=CODE,ibigdata=CODE,ifardata=CODE -prparam=COMRAM \
  C:\Users\almos\AppData\Local\Temp\sguc.o \
  dist/default/production\ece376_hw9_tmr_ccp.X.production.o 

Object code version is 3.11

Machine type is 18F4620



                Name                               Link     Load   Length Selector   Space Scale
C:\Users\almos\AppData\Local\Temp\sguc.o
                idloc                            200000   200000        8        0       5
                config                           300000   300000        E        0       4
                init                                  E        E        4        4       0
                reset_vec                             0        0        4        0       0
dist/default/production\ece376_hw9_tmr_ccp.X.production.o
                intcode                               8        8        6        4       0
                idloc                            200000   200000        8        0       5
                config                           300000   300000        E        0       4
                temp                                 75       75        1        1       1
                smallconst                         1000     1000       38      800       0
                intcode_body                       21A4     21A4       8C      81C       0
                text30                             2784     2784        C      81C       0
                text29                             1F76     1F76       C8      81C       0
                text28                             257E     257E       4E      81C       0
                text27                             1C2A     1C2A       E8      81C       0
                text26                             26EC     26EC       28      81C       0
                text25                             26BC     26BC       30      81C       0
                text24                             1EAC     1EAC       CA      81C       0
                text23                             2530     2530       4E      81C       0
                text22                             2790     2790        8      81C       0
                text21                             2100     2100       A4      81C       0
                text20                             2230     2230       88      81C       0
                text19                             23B6     23B6       74      81C       0
                text18                             233C     233C       7A      81C       0
                text17                             273A     273A       26      81C       0
                text16                             264E     264E       38      81C       0
                text15                             24DE     24DE       52      81C       0
                text14                             19AA     19AA      190      81C       0
                text13                             1B3A     1B3A       F0      81C       0
                text12                             1D12     1D12       D0      81C       0
                text11                             2798     2798        2      81C       0
                text10                             1DE2     1DE2       CA      81C       0
                text9                              25CC     25CC       44      81C       0
                text8                              2686     2686       36      81C       0
                text7                              203E     203E       C2      81C       0
                text6                              17AA     17AA      200      81C       0
                text5                              1464     1464      346      81C       0
                text4                              242A     242A       62      81C       0
                text3                              248C     248C       52      81C       0
                text2                              2610     2610       3E      81C       0
                text1                              2714     2714       26      81C       0
                text0                              1038     1038      42C      81C       0
                cstackCOMRAM                          1        1       69        1       1
                cstackBANK0                          B6       B6       34       80       1
                dataBANK1                           120      120       10      100       1
                bssBANK1                            100      100       20      100       1
                dataBANK0                            EA       EA       14       80       1
                bssBANK0                             80       80       36       80       1
                dataCOMRAM                           74       74        1        1       1
                bssCOMRAM                            6A       6A        A        1       1
                cinit                              22B8     22B8       84      81C       0
                idataBANK1                         2774     2774       10      81C       0
                idataBANK0                         2760     2760       14      81C       0
                idataCOMRAM                        279A     279A        1      81C       0

TOTAL           Name                               Link     Load   Length     Space
        CLASS   STACK          

        CLASS   CODE           
                intcode                               8        8        6         0
                init                                  E        E        4         0
                reset_vec                             0        0        4         0
                intcode_body                       21A4     21A4       8C         0
                text30                             2784     2784        C         0
                text29                             1F76     1F76       C8         0
                text28                             257E     257E       4E         0
                text27                             1C2A     1C2A       E8         0
                text26                             26EC     26EC       28         0
                text25                             26BC     26BC       30         0
                text24                             1EAC     1EAC       CA         0
                text23                             2530     2530       4E         0
                text22                             2790     2790        8         0
                text21                             2100     2100       A4         0
                text20                             2230     2230       88         0
                text19                             23B6     23B6       74         0
                text18                             233C     233C       7A         0
                text17                             273A     273A       26         0
                text16                             264E     264E       38         0
                text15                             24DE     24DE       52         0
                text14                             19AA     19AA      190         0
                text13                             1B3A     1B3A       F0         0
                text12                             1D12     1D12       D0         0
                text11                             2798     2798        2         0
                text10                             1DE2     1DE2       CA         0
                text9                              25CC     25CC       44         0
                text8                              2686     2686       36         0
                text7                              203E     203E       C2         0
                text6                              17AA     17AA      200         0
                text5                              1464     1464      346         0
                text4                              242A     242A       62         0
                text3                              248C     248C       52         0
                text2                              2610     2610       3E         0
                text1                              2714     2714       26         0
                text0                              1038     1038      42C         0
                cinit                              22B8     22B8       84         0
                idataBANK1                         2774     2774       10         0
                idataBANK0                         2760     2760       14         0
                idataCOMRAM                        279A     279A        1         0

        CLASS   CONST          

        CLASS   SMALLCONST     
                smallconst                         1000     1000       38         0

        CLASS   MEDIUMCONST    

        CLASS   COMRAM         
                temp                                 75       75        1         1
                cstackCOMRAM                          1        1       69         1
                dataCOMRAM                           74       74        1         1
                bssCOMRAM                            6A       6A        A         1

        CLASS   ABS1           

        CLASS   BIGRAM         

        CLASS   RAM            

        CLASS   BANK0          
                cstackBANK0                          B6       B6       34         1
                dataBANK0                            EA       EA       14         1
                bssBANK0                             80       80       36         1

        CLASS   BANK1          
                dataBANK1                           120      120       10         1
                bssBANK1                            100      100       20         1

        CLASS   BANK2          

        CLASS   BANK3          

        CLASS   BANK4          

        CLASS   BANK5          

        CLASS   BANK6          

        CLASS   BANK7          

        CLASS   BANK8          

        CLASS   BANK9          

        CLASS   BANK10         

        CLASS   BANK11         

        CLASS   BANK12         

        CLASS   BANK13         

        CLASS   BANK14         

        CLASS   BANK15         

        CLASS   SFR            

        CLASS   CONFIG         
                config                           300000   300000        E         4

        CLASS   IDLOC          
                idloc                            200000   200000        8         5

        CLASS   EEDATA         

        CLASS   FARRAM         



SEGMENTS        Name                           Load    Length   Top    Selector   Space  Class

                reset_vec                      000000  000004  000004         0       0  CODE    
                cstackCOMRAM                   000001  000075  000076         1       1  COMRAM  
                intcode                        000008  00000A  000012         4       0  CODE    
                bssBANK0                       000080  00007E  0000FE        80       1  BANK0   
                bssBANK1                       000100  000030  000130       100       1  BANK1   
                smallconst                     001000  000038  001038       800       0  SMALLCON
                text0                          001038  001763  00279B       81C       0  CODE    


UNUSED ADDRESS RANGES

        Name                Unused          Largest block    Delta
        BANK0            0000FE-0000FF                2
        BANK1            000130-0001FF               D0
        BANK10           000A00-000AFF              100
        BANK11           000B00-000BFF              100
        BANK12           000C00-000CFF              100
        BANK13           000D00-000DFF              100
        BANK14           000E00-000EFF              100
        BANK15           000F00-000F7F               80
        BANK2            000200-0002FF              100
        BANK3            000300-0003FF              100
        BANK4            000400-0004FF              100
        BANK5            000500-0005FF              100
        BANK6            000600-0006FF              100
        BANK7            000700-0007FF              100
        BANK8            000800-0008FF              100
        BANK9            000900-0009FF              100
        BIGRAM           000076-00007F                A
                         0000FE-0000FF                2
                         000130-000F7F              E50
        CODE             000004-000007                4
                         000012-000FFF              FEE
                         00279B-00FFFF             D865
        COMRAM           000076-00007F                A
        CONST            000004-000007                4
                         000012-000FFF              FEE
                         00279B-00FFFF             D865
        EEDATA           F00000-F003FF              400
        MEDIUMCONST      00279B-00FFFF             D865
        RAM              0000FE-0000FF                2
                         000130-000F7F              100
        SFR              000F80-000FFF               80
        SMALLCONST       00279B-00FFFF              100
        STACK            000130-000F7F              E50

                                  Symbol Table

?___lldiv                           cstackCOMRAM 00000E
?___llmod                           cstackCOMRAM 000005
?___lodiv                           cstackCOMRAM 000005
?___lomod                           cstackCOMRAM 000005
?___lwdiv                           cstackCOMRAM 00000E
?___wmul                            cstackCOMRAM 000005
?_atoi                              cstackCOMRAM 00000C
?_hex_to_bit_string                 cstackCOMRAM 000005
?_isdigit                           cstackCOMRAM 000005
?_isspace                           cstackCOMRAM 000005
?_pad                               cstackCOMRAM 000015
?_sprintf                           cstackCOMRAM 00005E
?_strlen                            cstackCOMRAM 000005
?_utoa                              cstackCOMRAM 000020
?_vfpfcnvrt                         cstackCOMRAM 000040
?_vfprintf                          cstackCOMRAM 000056
LCD_set_cursor_position@ddram_addr  cstackCOMRAM 00000A
LCD_set_cursor_position@line        cstackCOMRAM 00000B
LCD_set_cursor_position@pos_on_line cstackCOMRAM 000009
LCD_write_data_byte_4bit@data       cstackCOMRAM 000008
LCD_write_instr_byte_4bit@instr     cstackCOMRAM 000008
LCD_write_instr_byte_8bit@instr     cstackCOMRAM 000008
_ADCON1                             (abs)        000FC1
_CCP1CON                            (abs)        000FBD
_CCP1_Capture_Init_Default          text30       002784
_CCP2CON                            (abs)        000FBA
_CCPR1                              (abs)        000FBE
_CCPR2                              (abs)        000FBB
_CURRENT_DISP                       bssCOMRAM    000073
_DISP_BIT_MODE                      bssCOMRAM    000072
_INTCONbits                         (abs)        000FF2
_LATCbits                           (abs)        000F8B
_LATDbits                           (abs)        000F8C
_LCD_Init_ECE376                    text27       001C2A
_LCD_clear_display                  text25       0026BC
_LCD_enable_toggle                  text29       001F76
_LCD_set_cursor_position            text24       001EAC
_LCD_write_data_byte_4bit           text23       002530
_LCD_write_instr_byte_4bit          text28       00257E
_LCD_write_instr_byte_8bit          text26       0026EC
_PIE1bits                           (abs)        000F9D
_PIE2bits                           (abs)        000FA0
_PIR1bits                           (abs)        000F9E
_PORTB                              (abs)        000F81
_PORTBbits                          (abs)        000F81
_PORTC                              (abs)        000F82
_PORTD                              (abs)        000F83
_PORTDbits                          (abs)        000F83
_RCON                               (abs)        000FD0
_RCONbits                           (abs)        000FD0
_STKPTR                             (abs)        000FFC
_T1CON                              (abs)        000FCD
_T3CON                              (abs)        000FB1
_TRISB                              (abs)        000F93
_TRISC                              (abs)        000F94
_TRISD                              (abs)        000F95
_Timer1_Init_Default                text22       002790
__HRAM                              (abs)        000000
__Habs1                             abs1         000000
__Hbank0                            bank0        000000
__Hbank1                            bank1        000000
__Hbank10                           bank10       000000
__Hbank11                           bank11       000000
__Hbank12                           bank12       000000
__Hbank13                           bank13       000000
__Hbank14                           bank14       000000
__Hbank15                           bank15       000000
__Hbank2                            bank2        000000
__Hbank3                            bank3        000000
__Hbank4                            bank4        000000
__Hbank5                            bank5        000000
__Hbank6                            bank6        000000
__Hbank7                            bank7        000000
__Hbank8                            bank8        000000
__Hbank9                            bank9        000000
__Hbigbss                           bigbss       000000
__Hbigdata                          bigdata      000000
__Hbigram                           bigram       000000
__Hbss                              bss          000000
__HbssBANK0                         bssBANK0     000000
__HbssBANK1                         bssBANK1     000000
__HbssCOMRAM                        bssCOMRAM    000000
__Hcinit                            cinit        000000
__Hclrtext                          clrtext      000000
__Hcomram                           comram       000000
__Hconfig                           config       30000E
__Hconst                            const        000000
__HcstackBANK0                      cstackBANK0  000000
__HcstackCOMRAM                     cstackCOMRAM 000000
__Hdata                             data         000000
__HdataBANK0                        dataBANK0    000000
__HdataBANK1                        dataBANK1    000000
__HdataCOMRAM                       dataCOMRAM   000000
__Heeprom_data                      eeprom_data  000000
__Hfarbss                           farbss       000000
__Hfardata                          fardata      000000
__Hibigdata                         ibigdata     000000
__Hidata                            idata        000000
__HidataBANK0                       idataBANK0   000000
__HidataBANK1                       idataBANK1   000000
__HidataCOMRAM                      idataCOMRAM  000000
__Hidloc                            idloc        200008
__Hifardata                         ifardata     000000
__Hinit                             init         000012
__Hintcode                          intcode      00000E
__Hintcode_body                     intcode_body 000000
__Hintcodelo                        intcodelo    00000E
__Hintentry                         intentry     000000
__Hintret                           intret       000000
__Hintsave_regs                     intsave_regs 000000
__Hirdata                           irdata       000000
__Hmediumconst                      mediumconst  000000
__HnvFARRAM                         nvFARRAM     000000
__Hnvbit                            nvbit        000000
__Hnvrram                           nvrram       000000
__Hparam                            rparam       000000
__Hpowerup                          powerup      00000E
__Hram                              ram          000000
__Hramtop                           ramtop       001000
__Hrbit                             rbit         000000
__Hrbss                             rbss         000000
__Hrdata                            rdata        000000
__Hreset_vec                        reset_vec    000004
__Hrparam                           rparam       000000
__Hsfr                              sfr          000000
__Hsmallconst                       smallconst   001038
__Hspace_0                          (abs)        00279B
__Hspace_1                          (abs)        000130
__Hspace_2                          (abs)        000000
__Hspace_4                          (abs)        60000E
__Hstack                            stack        000000
__Hstruct                           struct       000000
__Htemp                             temp         000076
__Htext                             text         000000
__Htext0                            text0        000000
__Htext1                            text1        000000
__Htext10                           text10       000000
__Htext11                           text11       000000
__Htext12                           text12       000000
__Htext13                           text13       000000
__Htext14                           text14       000000
__Htext15                           text15       000000
__Htext16                           text16       000000
__Htext17                           text17       000000
__Htext18                           text18       000000
__Htext19                           text19       000000
__Htext2                            text2        000000
__Htext20                           text20       000000
__Htext21                           text21       000000
__Htext22                           text22       000000
__Htext23                           text23       000000
__Htext24                           text24       000000
__Htext25                           text25       000000
__Htext26                           text26       000000
__Htext27                           text27       000000
__Htext28                           text28       000000
__Htext29                           text29       000000
__Htext3                            text3        000000
__Htext30                           text30       000000
__Htext4                            text4        000000
__Htext5                            text5        000000
__Htext6                            text6        000000
__Htext7                            text7        000000
__Htext8                            text8        000000
__Htext9                            text9        000000
__LRAM                              (abs)        000001
__Labs1                             abs1         000000
__Lbank0                            bank0        000000
__Lbank1                            bank1        000000
__Lbank10                           bank10       000000
__Lbank11                           bank11       000000
__Lbank12                           bank12       000000
__Lbank13                           bank13       000000
__Lbank14                           bank14       000000
__Lbank15                           bank15       000000
__Lbank2                            bank2        000000
__Lbank3                            bank3        000000
__Lbank4                            bank4        000000
__Lbank5                            bank5        000000
__Lbank6                            bank6        000000
__Lbank7                            bank7        000000
__Lbank8                            bank8        000000
__Lbank9                            bank9        000000
__Lbigbss                           bigbss       000000
__Lbigdata                          bigdata      000000
__Lbigram                           bigram       000000
__Lbss                              bss          000000
__LbssBANK0                         bssBANK0     000000
__LbssBANK1                         bssBANK1     000000
__LbssCOMRAM                        bssCOMRAM    000000
__Lcinit                            cinit        000000
__Lclrtext                          clrtext      000000
__Lcomram                           comram       000000
__Lconfig                           config       000000
__Lconst                            const        000000
__LcstackBANK0                      cstackBANK0  000000
__LcstackCOMRAM                     cstackCOMRAM 000000
__Ldata                             data         000000
__LdataBANK0                        dataBANK0    000000
__LdataBANK1                        dataBANK1    000000
__LdataCOMRAM                       dataCOMRAM   000000
__Leeprom_data                      eeprom_data  000000
__Lfarbss                           farbss       000000
__Lfardata                          fardata      000000
__Libigdata                         ibigdata     000000
__Lidata                            idata        000000
__LidataBANK0                       idataBANK0   000000
__LidataBANK1                       idataBANK1   000000
__LidataCOMRAM                      idataCOMRAM  000000
__Lidloc                            idloc        000000
__Lifardata                         ifardata     000000
__Linit                             init         00000E
__Lintcode                          intcode      000008
__Lintcode_body                     intcode_body 000000
__Lintcodelo                        intcodelo    00000E
__Lintentry                         intentry     000000
__Lintret                           intret       000000
__Lintsave_regs                     intsave_regs 000000
__Lirdata                           irdata       000000
__Lmediumconst                      mediumconst  000000
__LnvFARRAM                         nvFARRAM     000000
__Lnvbit                            nvbit        000000
__Lnvrram                           nvrram       000000
__Lparam                            rparam       000000
__Lpowerup                          powerup      00000E
__Lram                              ram          000000
__Lramtop                           ramtop       001000
__Lrbit                             rbit         000000
__Lrbss                             rbss         000000
__Lrdata                            rdata        000000
__Lreset_vec                        reset_vec    000000
__Lrparam                           rparam       000000
__Lsfr                              sfr          000000
__Lsmallconst                       smallconst   001000
__Lspace_0                          (abs)        000000
__Lspace_1                          (abs)        000000
__Lspace_2                          (abs)        000000
__Lspace_4                          (abs)        000000
__Lstack                            stack        000000
__Lstruct                           struct       000000
__Ltemp                             temp         000075
__Ltext                             text         000000
__Ltext0                            text0        000000
__Ltext1                            text1        000000
__Ltext10                           text10       000000
__Ltext11                           text11       000000
__Ltext12                           text12       000000
__Ltext13                           text13       000000
__Ltext14                           text14       000000
__Ltext15                           text15       000000
__Ltext16                           text16       000000
__Ltext17                           text17       000000
__Ltext18                           text18       000000
__Ltext19                           text19       000000
__Ltext2                            text2        000000
__Ltext20                           text20       000000
__Ltext21                           text21       000000
__Ltext22                           text22       000000
__Ltext23                           text23       000000
__Ltext24                           text24       000000
__Ltext25                           text25       000000
__Ltext26                           text26       000000
__Ltext27                           text27       000000
__Ltext28                           text28       000000
__Ltext29                           text29       000000
__Ltext3                            text3        000000
__Ltext30                           text30       000000
__Ltext4                            text4        000000
__Ltext5                            text5        000000
__Ltext6                            text6        000000
__Ltext7                            text7        000000
__Ltext8                            text8        000000
__Ltext9                            text9        000000
__S0                                (abs)        00279B
__S1                                (abs)        000130
__S2                                (abs)        000000
__S4                                (abs)        000000
__S5                                (abs)        000000
___inthi_sp                         stack        000000
___intlo_sp                         stack        000000
___lldiv                            text21       002100
___lldiv@counter                    cstackCOMRAM 00001A
___lldiv@dividend                   cstackCOMRAM 00000E
___lldiv@divisor                    cstackCOMRAM 000012
___lldiv@quotient                   cstackCOMRAM 000016
___llmod                            text20       002230
___llmod@counter                    cstackCOMRAM 00000D
___llmod@dividend                   cstackCOMRAM 000005
___llmod@divisor                    cstackCOMRAM 000009
___lodiv                            text13       001B3A
___lodiv@counter                    cstackCOMRAM 00001D
___lodiv@dividend                   cstackCOMRAM 000005
___lodiv@divisor                    cstackCOMRAM 00000D
___lodiv@quotient                   cstackCOMRAM 000015
___lomod                            text12       001D12
___lomod@counter                    cstackCOMRAM 000015
___lomod@dividend                   cstackCOMRAM 000005
___lomod@divisor                    cstackCOMRAM 00000D
___lwdiv                            text19       0023B6
___lwdiv@counter                    cstackCOMRAM 000014
___lwdiv@dividend                   cstackCOMRAM 00000E
___lwdiv@divisor                    cstackCOMRAM 000010
___lwdiv@quotient                   cstackCOMRAM 000012
___param_bank                       (abs)        000000
___rparam_used                      (abs)        000001
___sp                               stack        000000
___wmul                             text17       00273A
___wmul@multiplicand                cstackCOMRAM 000007
___wmul@multiplier                  cstackCOMRAM 000005
___wmul@product                     cstackCOMRAM 000009
__accesstop                         (abs)        000080
__activetblptr                      (abs)        000002
__end_of_CCP1_Capture_Init_Default  text30       002790
__end_of_LCD_Init_ECE376            text27       001D12
__end_of_LCD_clear_display          text25       0026EC
__end_of_LCD_enable_toggle          text29       00203E
__end_of_LCD_set_cursor_position    text24       001F76
__end_of_LCD_write_data_byte_4bit   text23       00257E
__end_of_LCD_write_instr_byte_4bit  text28       0025CC
__end_of_LCD_write_instr_byte_8bit  text26       002714
__end_of_Timer1_Init_Default        text22       002798
__end_of___lldiv                    text21       0021A4
__end_of___llmod                    text20       0022B8
__end_of___lodiv                    text13       001C2A
__end_of___lomod                    text12       001DE2
__end_of___lwdiv                    text19       00242A
__end_of___wmul                     text17       002760
__end_of__initialization            cinit        00232E
__end_of_atoi                       text14       001B3A
__end_of_fputc                      text10       001EAC
__end_of_fputs                      text9        002610
__end_of_hex_to_bit_string          text18       0023B6
__end_of_init_msg                   smallconst   00100F
__end_of_isdigit                    text16       002686
__end_of_isr                        intcode_body 002230
__end_of_isspace                    text15       002530
__end_of_main                       text0        001464
__end_of_pad                        text7        002100
__end_of_putch                      text11       00279A
__end_of_result_msg_title           smallconst   001023
__end_of_sprintf                    text3        0024DE
__end_of_start_game_msg             smallconst   00101B
__end_of_strcat                     text1        00273A
__end_of_strcpy                     text2        00264E
__end_of_strlen                     text8        0026BC
__end_of_utoa                       text6        0019AA
__end_of_vfpfcnvrt                  text5        0017AA
__end_of_vfprintf                   text4        00248C
__initialization                    cinit        0022B8
__mediumconst                       mediumconst  000000
__pbssBANK0                         bssBANK0     000080
__pbssBANK1                         bssBANK1     000100
__pbssCOMRAM                        bssCOMRAM    00006A
__pcinit                            cinit        0022B8
__pcstackBANK0                      cstackBANK0  0000B6
__pcstackCOMRAM                     cstackCOMRAM 000001
__pdataBANK0                        dataBANK0    0000EA
__pdataBANK1                        dataBANK1    000120
__pdataCOMRAM                       dataCOMRAM   000074
__pidataBANK0                       idataBANK0   002760
__pidataBANK1                       idataBANK1   002774
__pidataCOMRAM                      idataCOMRAM  00279A
__pintcode                          intcode      000008
__pintcode_body                     intcode_body 0021A4
__psmallconst                       smallconst   001000
__ptext0                            text0        001038
__ptext1                            text1        002714
__ptext10                           text10       001DE2
__ptext11                           text11       002798
__ptext12                           text12       001D12
__ptext13                           text13       001B3A
__ptext14                           text14       0019AA
__ptext15                           text15       0024DE
__ptext16                           text16       00264E
__ptext17                           text17       00273A
__ptext18                           text18       00233C
__ptext19                           text19       0023B6
__ptext2                            text2        002610
__ptext20                           text20       002230
__ptext21                           text21       002100
__ptext22                           text22       002790
__ptext23                           text23       002530
__ptext24                           text24       001EAC
__ptext25                           text25       0026BC
__ptext26                           text26       0026EC
__ptext27                           text27       001C2A
__ptext28                           text28       00257E
__ptext29                           text29       001F76
__ptext3                            text3        00248C
__ptext30                           text30       002784
__ptext4                            text4        00242A
__ptext5                            text5        001464
__ptext6                            text6        0017AA
__ptext7                            text7        00203E
__ptext8                            text8        002686
__ptext9                            text9        0025CC
__ramtop                            ramtop       001000
__size_of_CCP1_Capture_Init_Default (abs)        000000
__size_of_LCD_Init_ECE376           (abs)        000000
__size_of_LCD_clear_display         (abs)        000000
__size_of_LCD_enable_toggle         (abs)        000000
__size_of_LCD_set_cursor_position   (abs)        000000
__size_of_LCD_write_data_byte_4bit  (abs)        000000
__size_of_LCD_write_instr_byte_4bit (abs)        000000
__size_of_LCD_write_instr_byte_8bit (abs)        000000
__size_of_Timer1_Init_Default       (abs)        000000
__size_of___lldiv                   (abs)        000000
__size_of___llmod                   (abs)        000000
__size_of___lodiv                   (abs)        000000
__size_of___lomod                   (abs)        000000
__size_of___lwdiv                   (abs)        000000
__size_of___wmul                    (abs)        000000
__size_of_atoi                      (abs)        000000
__size_of_fputc                     (abs)        000000
__size_of_fputs                     (abs)        000000
__size_of_hex_to_bit_string         (abs)        000000
__size_of_isdigit                   (abs)        000000
__size_of_isr                       (abs)        000000
__size_of_isspace                   (abs)        000000
__size_of_main                      (abs)        000000
__size_of_pad                       (abs)        000000
__size_of_putch                     (abs)        000000
__size_of_sprintf                   (abs)        000000
__size_of_strcat                    (abs)        000000
__size_of_strcpy                    (abs)        000000
__size_of_strlen                    (abs)        000000
__size_of_utoa                      (abs)        000000
__size_of_vfpfcnvrt                 (abs)        000000
__size_of_vfprintf                  (abs)        000000
__smallconst                        smallconst   001000
_address_counter                    bssBANK0     00009B
_atoi                               text14       0019AA
_atoi$1271                          cstackCOMRAM 000014
_atoi$1272                          cstackCOMRAM 000018
_atoi$1273                          cstackCOMRAM 000016
_current_disp_ctrl                  dataCOMRAM   000074
_current_entry_mode                 dataBANK0    0000FC
_current_func_set                   dataBANK0    0000FB
_dbuf                               bssBANK1     000100
_elapsed_time                       bssBANK0     00008E
_flags                              bssCOMRAM    00006E
_fputc                              text10       001DE2
_fputs                              text9        0025CC
_game_done_flag                     bssBANK0     00009A
_hex_to_bit_string                  text18       00233C
_hex_to_bit_string$724              cstackCOMRAM 00000A
_init_complete                      bssCOMRAM    000071
_init_msg                           smallconst   001001
_isdigit                            text16       00264E
_isr                                intcode      000008
_isr_count                          dataBANK0    0000FA
_isspace                            text15       0024DE
_isspace$1289                       cstackCOMRAM 00000B
_main                               text0        001038
_main$1590                          cstackBANK0  0000E0
_nout                               bssBANK0     000092
_num_of_ms                          bssBANK0     000096
_num_of_seconds                     bssBANK0     000098
_num_of_us                          bssBANK0     000094
_pad                                text7        00203E
_prec                               bssCOMRAM    00006C
_putch                              text11       002798
_result_msg                         bssBANK0     00009C
_result_msg_title                   smallconst   00101B
_sprintf                            text3        00248C
_start_game_msg                     smallconst   00100F
_strcat                             text1        002714
_strcpy                             text2        002610
_strlen                             text8        002686
_timer1_overflow_count              bssBANK0     00008A
_utoa                               text6        0017AA
_vfpfcnvrt                          text5        001464
_vfpfcnvrt$1253                     cstackCOMRAM 000054
_vfprintf                           text4        00242A
_width                              bssCOMRAM    00006A
atoi@n                              cstackCOMRAM 000019
atoi@neg                            cstackCOMRAM 000012
atoi@s                              cstackCOMRAM 00000C
btemp                               temp         000075
end_of_initialization               cinit        00232E
fputc@c                             cstackCOMRAM 000005
fputc@fp                            cstackCOMRAM 000007
fputs@c                             cstackCOMRAM 000012
fputs@fp                            cstackCOMRAM 000010
fputs@i                             cstackCOMRAM 000013
fputs@s                             cstackCOMRAM 00000E
hex_to_bit_string@bit_string        bssBANK0     0000AD
hex_to_bit_string@hex_val           cstackCOMRAM 000009
hex_to_bit_string@i                 cstackCOMRAM 00000C
int$flags                           temp         000075
int_func                            intcode_body 0021A4
intlevel0                           text         000000
intlevel1                           text         000000
intlevel2                           text         000000
intlevel3                           text         000000
isdigit@c                           cstackCOMRAM 000005
isspace@c                           cstackCOMRAM 000005
main@F3020                          dataBANK0    0000EA
main@F3022                          dataBANK1    000120
main@i                              cstackBANK0  0000E4
main@i_691                          cstackBANK0  0000E5
main@i_692                          cstackBANK0  0000E6
main@i_716                          cstackBANK0  0000E7
main@i_718                          cstackBANK0  0000E8
main@i_719                          cstackBANK0  0000E9
main@rcon_reg_string                cstackBANK0  0000C0
main@stkptr_reg_string              cstackBANK0  0000D0
pad@buf                             cstackCOMRAM 000017
pad@fp                              cstackCOMRAM 000015
pad@i                               cstackCOMRAM 00001C
pad@p                               cstackCOMRAM 000019
pad@w                               cstackCOMRAM 00001E
sprintf@ap                          cstackBANK0  0000B8
sprintf@f                           cstackBANK0  0000BA
sprintf@fmt                         cstackCOMRAM 000060
sprintf@s                           cstackCOMRAM 00005E
stackhi                             (abs)        000F7F
stacklo                             (abs)        000130
start                               init         00000E
start_initialization                cinit        0022B8
strcat@dest                         cstackCOMRAM 000011
strcat@src                          cstackCOMRAM 000013
strcpy@d                            cstackCOMRAM 00000F
strcpy@dest                         cstackCOMRAM 000009
strcpy@s                            cstackCOMRAM 00000D
strcpy@src                          cstackCOMRAM 00000B
strlen@a                            cstackCOMRAM 000007
strlen@s                            cstackCOMRAM 000005
ttemp5                              temp         000076
ttemp6                              temp         000079
ttemp7                              temp         00007D
utoa@d                              cstackCOMRAM 000022
utoa@fp                             cstackCOMRAM 000020
utoa@i                              cstackCOMRAM 00003E
utoa@n                              cstackCOMRAM 000036
utoa@p                              cstackCOMRAM 000032
utoa@w                              cstackCOMRAM 000034
vfpfcnvrt@ap                        cstackCOMRAM 000044
vfpfcnvrt@done                      cstackCOMRAM 000052
vfpfcnvrt@fmt                       cstackCOMRAM 000042
vfpfcnvrt@fp                        cstackCOMRAM 000040
vfpfcnvrt@llu                       cstackCOMRAM 00004A
vfprintf@ap                         cstackCOMRAM 00005A
vfprintf@cfmt                       cstackCOMRAM 00005C
vfprintf@fmt                        cstackCOMRAM 000058
vfprintf@fp                         cstackCOMRAM 000056
wtemp8                              temp         000076


FUNCTION INFORMATION:

 *************** function _main *****************
 Defined at:
		line 187 in file "ece376_hw9_ccp_capt.c"
 Parameters:    Size  Location     Type
		None
 Auto vars:     Size  Location     Type
  i               1   51[BANK0 ] unsigned char 
  i               1   50[BANK0 ] unsigned char 
  i               1   49[BANK0 ] unsigned char 
  i               1   48[BANK0 ] unsigned char 
  i               1   47[BANK0 ] unsigned char 
  i               1   46[BANK0 ] unsigned char 
  stkptr_reg_s   16   26[BANK0 ] unsigned char [16]
  rcon_reg_str   16   10[BANK0 ] unsigned char [16]
 Return value:  Size  Location     Type
                  1    wreg      void 
 Registers used:
		wreg, fsr1l, fsr1h, fsr2l, fsr2h, status,2, status,0, tblptrl, tblptrh, tblptru, prodl, prodh, cstack
 Tracked objects:
		On entry : 
		On exit  : 
		Unchanged: 
 Data sizes:     COMRAM   BANK0   BANK1   BANK2   BANK3   BANK4   BANK5   BANK6   BANK7   BANK8   BANK9  BANK10  BANK11  BANK12  BANK13  BANK14  BANK15
      Params:         0       0       0       0       0       0       0       0       0       0       0       0       0       0       0       0       0
      Locals:         0      42       0       0       0       0       0       0       0       0       0       0       0       0       0       0       0
      Temps:          2       0       0       0       0       0       0       0       0       0       0       0       0       0       0       0       0
      Totals:         2      42       0       0       0       0       0       0       0       0       0       0       0       0       0       0       0
Total ram usage:       44 bytes
 Hardware stack levels required when called:    9
 This function calls:
		_CCP1_Capture_Init_Default
		_LCD_Init_ECE376
		_LCD_clear_display
		_LCD_set_cursor_position
		_LCD_write_data_byte_4bit
		_Timer1_Init_Default
		___lldiv
		___llmod
		___lwdiv
		_hex_to_bit_string
		_sprintf
		_strcat
 This function is called by:
		Startup code after reset
 This function uses a non-reentrant model


 *************** function _strcat *****************
 Defined at:
		line 3 in file "C:\Program Files\Microchip\xc8\v2.31\pic\sources\c99\common\strcat.c"
 Parameters:    Size  Location     Type
  dest            2   16[COMRAM] PTR unsigned char 
		 -> main@stkptr_reg_string(16), main@rcon_reg_string(16), 
  src             2   18[COMRAM] PTR const unsigned char 
		 -> hex_to_bit_string@bit_string(9), 
 Auto vars:     Size  Location     Type
		None
 Return value:  Size  Location     Type
                  2   16[COMRAM] PTR unsigned char 
 Registers used:
		wreg, fsr1l, fsr1h, fsr2l, fsr2h, status,2, status,0, cstack
 Tracked objects:
		On entry : 
		On exit  : 
		Unchanged: 
 Data sizes:     COMRAM   BANK0   BANK1   BANK2   BANK3   BANK4   BANK5   BANK6   BANK7   BANK8   BANK9  BANK10  BANK11  BANK12  BANK13  BANK14  BANK15
      Params:         4       0       0       0       0       0       0       0       0       0       0       0       0       0       0       0       0
      Locals:         0       0       0       0       0       0       0       0       0       0       0       0       0       0       0       0       0
      Temps:          0       0       0       0       0       0       0       0       0       0       0       0       0       0       0       0       0
      Totals:         4       0       0       0       0       0       0       0       0       0       0       0       0       0       0       0       0
Total ram usage:        4 bytes
 Hardware stack levels used:    1
 Hardware stack levels required when called:    2
 This function calls:
		_strcpy
		_strlen
 This function is called by:
		_main
 This function uses a non-reentrant model


 *************** function _strcpy *****************
 Defined at:
		line 3 in file "C:\Program Files\Microchip\xc8\v2.31\pic\sources\c99\common\strcpy.c"
 Parameters:    Size  Location     Type
  dest            2    8[COMRAM] PTR unsigned char 
		 -> main@stkptr_reg_string(16), main@rcon_reg_string(16), 
  src             2   10[COMRAM] PTR const unsigned char 
		 -> hex_to_bit_string@bit_string(9), 
 Auto vars:     Size  Location     Type
  d               2   14[COMRAM] PTR unsigned char 
		 -> main@stkptr_reg_string(16), main@rcon_reg_string(16), 
  s               2   12[COMRAM] PTR const unsigned char 
		 -> hex_to_bit_string@bit_string(9), 
 Return value:  Size  Location     Type
                  2    8[COMRAM] PTR unsigned char 
 Registers used:
		wreg, fsr1l, fsr1h, fsr2l, fsr2h, status,2, status,0
 Tracked objects:
		On entry : 
		On exit  : 
		Unchanged: 
 Data sizes:     COMRAM   BANK0   BANK1   BANK2   BANK3   BANK4   BANK5   BANK6   BANK7   BANK8   BANK9  BANK10  BANK11  BANK12  BANK13  BANK14  BANK15
      Params:         4       0       0       0       0       0       0       0       0       0       0       0       0       0       0       0       0
      Locals:         4       0       0       0       0       0       0       0       0       0       0       0       0       0       0       0       0
      Temps:          0       0       0       0       0       0       0       0       0       0       0       0       0       0       0       0       0
      Totals:         8       0       0       0       0       0       0       0       0       0       0       0       0       0       0       0       0
Total ram usage:        8 bytes
 Hardware stack levels used:    1
 Hardware stack levels required when called:    1
 This function calls:
		Nothing
 This function is called by:
		_strcat
 This function uses a non-reentrant model


 *************** function _sprintf *****************
 Defined at:
		line 9 in file "C:\Program Files\Microchip\xc8\v2.31\pic\sources\c99\common\nf_sprintf.c"
 Parameters:    Size  Location     Type
  s               2   93[COMRAM] PTR unsigned char 
		 -> result_msg(17), 
  fmt             2   95[COMRAM] PTR const unsigned char 
		 -> STR_1(20), 
 Auto vars:     Size  Location     Type
  f               6    4[BANK0 ] struct _IO_FILE
  ap              2    2[BANK0 ] PTR void [1]
		 -> ?_sprintf(2), 
  ret             2    0        int 
 Return value:  Size  Location     Type
                  2   93[COMRAM] int 
 Registers used:
		wreg, fsr1l, fsr1h, fsr2l, fsr2h, status,2, status,0, tblptrl, tblptrh, tblptru, prodl, prodh, cstack
 Tracked objects:
		On entry : 
		On exit  : 
		Unchanged: 
 Data sizes:     COMRAM   BANK0   BANK1   BANK2   BANK3   BANK4   BANK5   BANK6   BANK7   BANK8   BANK9  BANK10  BANK11  BANK12  BANK13  BANK14  BANK15
      Params:        10       0       0       0       0       0       0       0       0       0       0       0       0       0       0       0       0
      Locals:         0      10       0       0       0       0       0       0       0       0       0       0       0       0       0       0       0
      Temps:          0       0       0       0       0       0       0       0       0       0       0       0       0       0       0       0       0
      Totals:        10      10       0       0       0       0       0       0       0       0       0       0       0       0       0       0       0
Total ram usage:       20 bytes
 Hardware stack levels used:    1
 Hardware stack levels required when called:    8
 This function calls:
		_vfprintf
 This function is called by:
		_main
 This function uses a non-reentrant model


 *************** function _vfprintf *****************
 Defined at:
		line 1390 in file "C:\Program Files\Microchip\xc8\v2.31\pic\sources\c99\common\doprnt.c"
 Parameters:    Size  Location     Type
  fp              2   85[COMRAM] PTR struct _IO_FILE
		 -> sprintf@f(6), 
  fmt             2   87[COMRAM] PTR const unsigned char 
		 -> STR_1(20), 
  ap              2   89[COMRAM] PTR PTR void 
		 -> sprintf@ap(2), 
 Auto vars:     Size  Location     Type
  cfmt            2   91[COMRAM] PTR unsigned char 
		 -> STR_1(20), 
 Return value:  Size  Location     Type
                  2   85[COMRAM] int 
 Registers used:
		wreg, fsr1l, fsr1h, fsr2l, fsr2h, status,2, status,0, tblptrl, tblptrh, tblptru, prodl, prodh, cstack
 Tracked objects:
		On entry : 
		On exit  : 
		Unchanged: 
 Data sizes:     COMRAM   BANK0   BANK1   BANK2   BANK3   BANK4   BANK5   BANK6   BANK7   BANK8   BANK9  BANK10  BANK11  BANK12  BANK13  BANK14  BANK15
      Params:         6       0       0       0       0       0       0       0       0       0       0       0       0       0       0       0       0
      Locals:         2       0       0       0       0       0       0       0       0       0       0       0       0       0       0       0       0
      Temps:          0       0       0       0       0       0       0       0       0       0       0       0       0       0       0       0       0
      Totals:         8       0       0       0       0       0       0       0       0       0       0       0       0       0       0       0       0
Total ram usage:        8 bytes
 Hardware stack levels used:    1
 Hardware stack levels required when called:    7
 This function calls:
		_vfpfcnvrt
 This function is called by:
		_sprintf
 This function uses a non-reentrant model


 *************** function _vfpfcnvrt *****************
 Defined at:
		line 692 in file "C:\Program Files\Microchip\xc8\v2.31\pic\sources\c99\common\doprnt.c"
 Parameters:    Size  Location     Type
  fp              2   63[COMRAM] PTR struct _IO_FILE
		 -> sprintf@f(6), 
  fmt             2   65[COMRAM] PTR PTR unsigned char 
		 -> vfprintf@cfmt(2), 
  ap              2   67[COMRAM] PTR PTR void 
		 -> sprintf@ap(2), 
 Auto vars:     Size  Location     Type
  llu             8   73[COMRAM] unsigned long long 
  ll              8    0        long long 
  f               4    0        long long 
  vp              3    0        PTR void 
  ct              3    0        unsigned char [3]
  cp              3    0        PTR unsigned char 
  done            2   81[COMRAM] int 
  i               2    0        int 
  c               1    0        unsigned char 
 Return value:  Size  Location     Type
                  2   63[COMRAM] int 
 Registers used:
		wreg, fsr1l, fsr1h, fsr2l, fsr2h, status,2, status,0, tblptrl, tblptrh, tblptru, prodl, prodh, cstack
 Tracked objects:
		On entry : 
		On exit  : 
		Unchanged: 
 Data sizes:     COMRAM   BANK0   BANK1   BANK2   BANK3   BANK4   BANK5   BANK6   BANK7   BANK8   BANK9  BANK10  BANK11  BANK12  BANK13  BANK14  BANK15
      Params:         6       0       0       0       0       0       0       0       0       0       0       0       0       0       0       0       0
      Locals:        12       0       0       0       0       0       0       0       0       0       0       0       0       0       0       0       0
      Temps:          4       0       0       0       0       0       0       0       0       0       0       0       0       0       0       0       0
      Totals:        22       0       0       0       0       0       0       0       0       0       0       0       0       0       0       0       0
Total ram usage:       22 bytes
 Hardware stack levels used:    1
 Hardware stack levels required when called:    6
 This function calls:
		_atoi
		_fputc
		_isdigit
		_utoa
 This function is called by:
		_vfprintf
 This function uses a non-reentrant model


 *************** function _utoa *****************
 Defined at:
		line 615 in file "C:\Program Files\Microchip\xc8\v2.31\pic\sources\c99\common\doprnt.c"
 Parameters:    Size  Location     Type
  fp              2   31[COMRAM] PTR struct _IO_FILE
		 -> sprintf@f(6), 
  d               8   33[COMRAM] unsigned long long 
 Auto vars:     Size  Location     Type
  n               8   53[COMRAM] unsigned long long 
  i               2   61[COMRAM] int 
  w               2   51[COMRAM] int 
  p               2   49[COMRAM] int 
 Return value:  Size  Location     Type
                  2   31[COMRAM] int 
 Registers used:
		wreg, fsr1l, fsr1h, fsr2l, fsr2h, status,2, status,0, cstack
 Tracked objects:
		On entry : 
		On exit  : 
		Unchanged: 
 Data sizes:     COMRAM   BANK0   BANK1   BANK2   BANK3   BANK4   BANK5   BANK6   BANK7   BANK8   BANK9  BANK10  BANK11  BANK12  BANK13  BANK14  BANK15
      Params:        10       0       0       0       0       0       0       0       0       0       0       0       0       0       0       0       0
      Locals:        14       0       0       0       0       0       0       0       0       0       0       0       0       0       0       0       0
      Temps:          8       0       0       0       0       0       0       0       0       0       0       0       0       0       0       0       0
      Totals:        32       0       0       0       0       0       0       0       0       0       0       0       0       0       0       0       0
Total ram usage:       32 bytes
 Hardware stack levels used:    1
 Hardware stack levels required when called:    5
 This function calls:
		___lodiv
		___lomod
		_pad
 This function is called by:
		_vfpfcnvrt
 This function uses a non-reentrant model


 *************** function _pad *****************
 Defined at:
		line 72 in file "C:\Program Files\Microchip\xc8\v2.31\pic\sources\c99\common\doprnt.c"
 Parameters:    Size  Location     Type
  fp              2   20[COMRAM] PTR struct _IO_FILE
		 -> sprintf@f(6), 
  buf             2   22[COMRAM] PTR unsigned char 
		 -> dbuf(32), 
  p               2   24[COMRAM] int 
 Auto vars:     Size  Location     Type
  w               2   29[COMRAM] int 
  i               2   27[COMRAM] int 
 Return value:  Size  Location     Type
                  2   20[COMRAM] int 
 Registers used:
		wreg, fsr1l, fsr1h, fsr2l, fsr2h, status,2, status,0, cstack
 Tracked objects:
		On entry : 
		On exit  : 
		Unchanged: 
 Data sizes:     COMRAM   BANK0   BANK1   BANK2   BANK3   BANK4   BANK5   BANK6   BANK7   BANK8   BANK9  BANK10  BANK11  BANK12  BANK13  BANK14  BANK15
      Params:         6       0       0       0       0       0       0       0       0       0       0       0       0       0       0       0       0
      Locals:         4       0       0       0       0       0       0       0       0       0       0       0       0       0       0       0       0
      Temps:          1       0       0       0       0       0       0       0       0       0       0       0       0       0       0       0       0
      Totals:        11       0       0       0       0       0       0       0       0       0       0       0       0       0       0       0       0
Total ram usage:       11 bytes
 Hardware stack levels used:    1
 Hardware stack levels required when called:    4
 This function calls:
		_fputc
		_fputs
		_strlen
 This function is called by:
		_utoa
 This function uses a non-reentrant model


 *************** function _strlen *****************
 Defined at:
		line 5 in file "C:\Program Files\Microchip\xc8\v2.31\pic\sources\c99\common\strlen.c"
 Parameters:    Size  Location     Type
  s               2    4[COMRAM] PTR const unsigned char 
		 -> dbuf(32), main@stkptr_reg_string(16), main@rcon_reg_string(16), 
 Auto vars:     Size  Location     Type
  a               2    6[COMRAM] PTR const unsigned char 
		 -> dbuf(32), main@stkptr_reg_string(16), main@rcon_reg_string(16), 
 Return value:  Size  Location     Type
                  2    4[COMRAM] unsigned int 
 Registers used:
		wreg, fsr2l, fsr2h, status,2, status,0
 Tracked objects:
		On entry : 
		On exit  : 
		Unchanged: 
 Data sizes:     COMRAM   BANK0   BANK1   BANK2   BANK3   BANK4   BANK5   BANK6   BANK7   BANK8   BANK9  BANK10  BANK11  BANK12  BANK13  BANK14  BANK15
      Params:         2       0       0       0       0       0       0       0       0       0       0       0       0       0       0       0       0
      Locals:         2       0       0       0       0       0       0       0       0       0       0       0       0       0       0       0       0
      Temps:          0       0       0       0       0       0       0       0       0       0       0       0       0       0       0       0       0
      Totals:         4       0       0       0       0       0       0       0       0       0       0       0       0       0       0       0       0
Total ram usage:        4 bytes
 Hardware stack levels used:    1
 Hardware stack levels required when called:    1
 This function calls:
		Nothing
 This function is called by:
		_pad
		_strcat
 This function uses a non-reentrant model


 *************** function _fputs *****************
 Defined at:
		line 8 in file "C:\Program Files\Microchip\xc8\v2.31\pic\sources\c99\common\nf_fputs.c"
 Parameters:    Size  Location     Type
  s               2   13[COMRAM] PTR const unsigned char 
		 -> dbuf(32), 
  fp              2   15[COMRAM] PTR struct _IO_FILE
		 -> sprintf@f(6), 
 Auto vars:     Size  Location     Type
  i               2   18[COMRAM] int 
  c               1   17[COMRAM] unsigned char 
 Return value:  Size  Location     Type
                  2   13[COMRAM] int 
 Registers used:
		wreg, fsr1l, fsr1h, fsr2l, fsr2h, status,2, status,0, cstack
 Tracked objects:
		On entry : 
		On exit  : 
		Unchanged: 
 Data sizes:     COMRAM   BANK0   BANK1   BANK2   BANK3   BANK4   BANK5   BANK6   BANK7   BANK8   BANK9  BANK10  BANK11  BANK12  BANK13  BANK14  BANK15
      Params:         4       0       0       0       0       0       0       0       0       0       0       0       0       0       0       0       0
      Locals:         3       0       0       0       0       0       0       0       0       0       0       0       0       0       0       0       0
      Temps:          0       0       0       0       0       0       0       0       0       0       0       0       0       0       0       0       0
      Totals:         7       0       0       0       0       0       0       0       0       0       0       0       0       0       0       0       0
Total ram usage:        7 bytes
 Hardware stack levels used:    1
 Hardware stack levels required when called:    3
 This function calls:
		_fputc
 This function is called by:
		_pad
 This function uses a non-reentrant model


 *************** function _fputc *****************
 Defined at:
		line 8 in file "C:\Program Files\Microchip\xc8\v2.31\pic\sources\c99\common\nf_fputc.c"
 Parameters:    Size  Location     Type
  c               2    4[COMRAM] int 
  fp              2    6[COMRAM] PTR struct _IO_FILE
		 -> sprintf@f(6), 
 Auto vars:     Size  Location     Type
		None
 Return value:  Size  Location     Type
                  2    4[COMRAM] int 
 Registers used:
		wreg, fsr1l, fsr1h, fsr2l, fsr2h, status,2, status,0, cstack
 Tracked objects:
		On entry : 
		On exit  : 
		Unchanged: 
 Data sizes:     COMRAM   BANK0   BANK1   BANK2   BANK3   BANK4   BANK5   BANK6   BANK7   BANK8   BANK9  BANK10  BANK11  BANK12  BANK13  BANK14  BANK15
      Params:         4       0       0       0       0       0       0       0       0       0       0       0       0       0       0       0       0
      Locals:         0       0       0       0       0       0       0       0       0       0       0       0       0       0       0       0       0
      Temps:          5       0       0       0       0       0       0       0       0       0       0       0       0       0       0       0       0
      Totals:         9       0       0       0       0       0       0       0       0       0       0       0       0       0       0       0       0
Total ram usage:        9 bytes
 Hardware stack levels used:    1
 Hardware stack levels required when called:    2
 This function calls:
		_putch
 This function is called by:
		_pad
		_vfpfcnvrt
		_fputs
 This function uses a non-reentrant model


 *************** function _putch *****************
 Defined at:
		line 7 in file "C:\Program Files\Microchip\xc8\v2.31\pic\sources\c99\common\putch.c"
 Parameters:    Size  Location     Type
  c               1    wreg     unsigned char 
 Auto vars:     Size  Location     Type
  c               1    0[COMRAM] unsigned char 
 Return value:  Size  Location     Type
                  1    wreg      void 
 Registers used:
		wreg
 Tracked objects:
		On entry : 
		On exit  : 
		Unchanged: 
 Data sizes:     COMRAM   BANK0   BANK1   BANK2   BANK3   BANK4   BANK5   BANK6   BANK7   BANK8   BANK9  BANK10  BANK11  BANK12  BANK13  BANK14  BANK15
      Params:         0       0       0       0       0       0       0       0       0       0       0       0       0       0       0       0       0
      Locals:         0       0       0       0       0       0       0       0       0       0       0       0       0       0       0       0       0
      Temps:          0       0       0       0       0       0       0       0       0       0       0       0       0       0       0       0       0
      Totals:         0       0       0       0       0       0       0       0       0       0       0       0       0       0       0       0       0
Total ram usage:        0 bytes
 Hardware stack levels used:    1
 Hardware stack levels required when called:    1
 This function calls:
		Nothing
 This function is called by:
		_fputc
 This function uses a non-reentrant model


 *************** function ___lomod *****************
 Defined at:
		line 9 in file "C:\Program Files\Microchip\xc8\v2.31\pic\sources\c99\common\lomod.c"
 Parameters:    Size  Location     Type
  dividend        8    4[COMRAM] unsigned long long 
  divisor         8   12[COMRAM] unsigned long long 
 Auto vars:     Size  Location     Type
  counter         1   20[COMRAM] unsigned char 
 Return value:  Size  Location     Type
                  8    4[COMRAM] unsigned long long 
 Registers used:
		wreg, status,2, status,0
 Tracked objects:
		On entry : 
		On exit  : 
		Unchanged: 
 Data sizes:     COMRAM   BANK0   BANK1   BANK2   BANK3   BANK4   BANK5   BANK6   BANK7   BANK8   BANK9  BANK10  BANK11  BANK12  BANK13  BANK14  BANK15
      Params:        16       0       0       0       0       0       0       0       0       0       0       0       0       0       0       0       0
      Locals:         1       0       0       0       0       0       0       0       0       0       0       0       0       0       0       0       0
      Temps:          0       0       0       0       0       0       0       0       0       0       0       0       0       0       0       0       0
      Totals:        17       0       0       0       0       0       0       0       0       0       0       0       0       0       0       0       0
Total ram usage:       17 bytes
 Hardware stack levels used:    1
 Hardware stack levels required when called:    1
 This function calls:
		Nothing
 This function is called by:
		_utoa
 This function uses a non-reentrant model


 *************** function ___lodiv *****************
 Defined at:
		line 9 in file "C:\Program Files\Microchip\xc8\v2.31\pic\sources\c99\common\lodiv.c"
 Parameters:    Size  Location     Type
  dividend        8    4[COMRAM] unsigned long long 
  divisor         8   12[COMRAM] unsigned long long 
 Auto vars:     Size  Location     Type
  quotient        8   20[COMRAM] unsigned long long 
  counter         1   28[COMRAM] unsigned char 
 Return value:  Size  Location     Type
                  8    4[COMRAM] unsigned long long 
 Registers used:
		wreg, fsr2l, fsr2h, status,2, status,0
 Tracked objects:
		On entry : 
		On exit  : 
		Unchanged: 
 Data sizes:     COMRAM   BANK0   BANK1   BANK2   BANK3   BANK4   BANK5   BANK6   BANK7   BANK8   BANK9  BANK10  BANK11  BANK12  BANK13  BANK14  BANK15
      Params:        16       0       0       0       0       0       0       0       0       0       0       0       0       0       0       0       0
      Locals:         9       0       0       0       0       0       0       0       0       0       0       0       0       0       0       0       0
      Temps:          0       0       0       0       0       0       0       0       0       0       0       0       0       0       0       0       0
      Totals:        25       0       0       0       0       0       0       0       0       0       0       0       0       0       0       0       0
Total ram usage:       25 bytes
 Hardware stack levels used:    1
 Hardware stack levels required when called:    1
 This function calls:
		Nothing
 This function is called by:
		_utoa
 This function uses a non-reentrant model


 *************** function _atoi *****************
 Defined at:
		line 4 in file "C:\Program Files\Microchip\xc8\v2.31\pic\sources\c99\common\atoi.c"
 Parameters:    Size  Location     Type
  s               2   11[COMRAM] PTR const unsigned char 
		 -> STR_1(20), 
 Auto vars:     Size  Location     Type
  n               2   24[COMRAM] int 
  neg             2   17[COMRAM] int 
 Return value:  Size  Location     Type
                  2   11[COMRAM] int 
 Registers used:
		wreg, status,2, status,0, tblptrl, tblptrh, tblptru, prodl, prodh, cstack
 Tracked objects:
		On entry : 
		On exit  : 
		Unchanged: 
 Data sizes:     COMRAM   BANK0   BANK1   BANK2   BANK3   BANK4   BANK5   BANK6   BANK7   BANK8   BANK9  BANK10  BANK11  BANK12  BANK13  BANK14  BANK15
      Params:         2       0       0       0       0       0       0       0       0       0       0       0       0       0       0       0       0
      Locals:         9       0       0       0       0       0       0       0       0       0       0       0       0       0       0       0       0
      Temps:          4       0       0       0       0       0       0       0       0       0       0       0       0       0       0       0       0
      Totals:        15       0       0       0       0       0       0       0       0       0       0       0       0       0       0       0       0
Total ram usage:       15 bytes
 Hardware stack levels used:    1
 Hardware stack levels required when called:    2
 This function calls:
		___wmul
		_isdigit
		_isspace
 This function is called by:
		_vfpfcnvrt
 This function uses a non-reentrant model


 *************** function _isspace *****************
 Defined at:
		line 5 in file "C:\Program Files\Microchip\xc8\v2.31\pic\sources\c99\common\isspace.c"
 Parameters:    Size  Location     Type
  c               2    4[COMRAM] int 
 Auto vars:     Size  Location     Type
		None
 Return value:  Size  Location     Type
                  2    4[COMRAM] int 
 Registers used:
		wreg, status,2, status,0
 Tracked objects:
		On entry : 
		On exit  : 
		Unchanged: 
 Data sizes:     COMRAM   BANK0   BANK1   BANK2   BANK3   BANK4   BANK5   BANK6   BANK7   BANK8   BANK9  BANK10  BANK11  BANK12  BANK13  BANK14  BANK15
      Params:         2       0       0       0       0       0       0       0       0       0       0       0       0       0       0       0       0
      Locals:         1       0       0       0       0       0       0       0       0       0       0       0       0       0       0       0       0
      Temps:          4       0       0       0       0       0       0       0       0       0       0       0       0       0       0       0       0
      Totals:         7       0       0       0       0       0       0       0       0       0       0       0       0       0       0       0       0
Total ram usage:        7 bytes
 Hardware stack levels used:    1
 Hardware stack levels required when called:    1
 This function calls:
		Nothing
 This function is called by:
		_atoi
 This function uses a non-reentrant model


 *************** function _isdigit *****************
 Defined at:
		line 5 in file "C:\Program Files\Microchip\xc8\v2.31\pic\sources\c99\common\isdigit.c"
 Parameters:    Size  Location     Type
  c               2    4[COMRAM] int 
 Auto vars:     Size  Location     Type
		None
 Return value:  Size  Location     Type
                  2    4[COMRAM] int 
 Registers used:
		wreg, status,2, status,0
 Tracked objects:
		On entry : 
		On exit  : 
		Unchanged: 
 Data sizes:     COMRAM   BANK0   BANK1   BANK2   BANK3   BANK4   BANK5   BANK6   BANK7   BANK8   BANK9  BANK10  BANK11  BANK12  BANK13  BANK14  BANK15
      Params:         2       0       0       0       0       0       0       0       0       0       0       0       0       0       0       0       0
      Locals:         0       0       0       0       0       0       0       0       0       0       0       0       0       0       0       0       0
      Temps:          4       0       0       0       0       0       0       0       0       0       0       0       0       0       0       0       0
      Totals:         6       0       0       0       0       0       0       0       0       0       0       0       0       0       0       0       0
Total ram usage:        6 bytes
 Hardware stack levels used:    1
 Hardware stack levels required when called:    1
 This function calls:
		Nothing
 This function is called by:
		_vfpfcnvrt
		_atoi
 This function uses a non-reentrant model


 *************** function ___wmul *****************
 Defined at:
		line 15 in file "C:\Program Files\Microchip\xc8\v2.31\pic\sources\c99\common\Umul16.c"
 Parameters:    Size  Location     Type
  multiplier      2    4[COMRAM] unsigned int 
  multiplicand    2    6[COMRAM] unsigned int 
 Auto vars:     Size  Location     Type
  product         2    8[COMRAM] unsigned int 
 Return value:  Size  Location     Type
                  2    4[COMRAM] unsigned int 
 Registers used:
		wreg, status,2, status,0, prodl, prodh
 Tracked objects:
		On entry : 
		On exit  : 
		Unchanged: 
 Data sizes:     COMRAM   BANK0   BANK1   BANK2   BANK3   BANK4   BANK5   BANK6   BANK7   BANK8   BANK9  BANK10  BANK11  BANK12  BANK13  BANK14  BANK15
      Params:         4       0       0       0       0       0       0       0       0       0       0       0       0       0       0       0       0
      Locals:         2       0       0       0       0       0       0       0       0       0       0       0       0       0       0       0       0
      Temps:          0       0       0       0       0       0       0       0       0       0       0       0       0       0       0       0       0
      Totals:         6       0       0       0       0       0       0       0       0       0       0       0       0       0       0       0       0
Total ram usage:        6 bytes
 Hardware stack levels used:    1
 Hardware stack levels required when called:    1
 This function calls:
		Nothing
 This function is called by:
		_atoi
 This function uses a non-reentrant model


 *************** function _hex_to_bit_string *****************
 Defined at:
		line 346 in file "ece376_hw9_ccp_capt.c"
 Parameters:    Size  Location     Type
  hex_val         1    wreg     unsigned char 
 Auto vars:     Size  Location     Type
  hex_val         1    8[COMRAM] unsigned char 
  i               1   11[COMRAM] unsigned char 
 Return value:  Size  Location     Type
                  2    4[COMRAM] PTR unsigned char 
 Registers used:
		wreg, fsr2l, fsr2h, status,2, status,0
 Tracked objects:
		On entry : 
		On exit  : 
		Unchanged: 
 Data sizes:     COMRAM   BANK0   BANK1   BANK2   BANK3   BANK4   BANK5   BANK6   BANK7   BANK8   BANK9  BANK10  BANK11  BANK12  BANK13  BANK14  BANK15
      Params:         2       0       0       0       0       0       0       0       0       0       0       0       0       0       0       0       0
      Locals:         4       0       0       0       0       0       0       0       0       0       0       0       0       0       0       0       0
      Temps:          2       0       0       0       0       0       0       0       0       0       0       0       0       0       0       0       0
      Totals:         8       0       0       0       0       0       0       0       0       0       0       0       0       0       0       0       0
Total ram usage:        8 bytes
 Hardware stack levels used:    1
 Hardware stack levels required when called:    1
 This function calls:
		Nothing
 This function is called by:
		_main
 This function uses a non-reentrant model


 *************** function ___lwdiv *****************
 Defined at:
		line 7 in file "C:\Program Files\Microchip\xc8\v2.31\pic\sources\c99\common\lwdiv.c"
 Parameters:    Size  Location     Type
  dividend        2   13[COMRAM] unsigned int 
  divisor         2   15[COMRAM] unsigned int 
 Auto vars:     Size  Location     Type
  quotient        2   17[COMRAM] unsigned int 
  counter         1   19[COMRAM] unsigned char 
 Return value:  Size  Location     Type
                  2   13[COMRAM] unsigned int 
 Registers used:
		wreg, status,2, status,0
 Tracked objects:
		On entry : 
		On exit  : 
		Unchanged: 
 Data sizes:     COMRAM   BANK0   BANK1   BANK2   BANK3   BANK4   BANK5   BANK6   BANK7   BANK8   BANK9  BANK10  BANK11  BANK12  BANK13  BANK14  BANK15
      Params:         4       0       0       0       0       0       0       0       0       0       0       0       0       0       0       0       0
      Locals:         3       0       0       0       0       0       0       0       0       0       0       0       0       0       0       0       0
      Temps:          0       0       0       0       0       0       0       0       0       0       0       0       0       0       0       0       0
      Totals:         7       0       0       0       0       0       0       0       0       0       0       0       0       0       0       0       0
Total ram usage:        7 bytes
 Hardware stack levels used:    1
 Hardware stack levels required when called:    1
 This function calls:
		Nothing
 This function is called by:
		_main
 This function uses a non-reentrant model


 *************** function ___llmod *****************
 Defined at:
		line 7 in file "C:\Program Files\Microchip\xc8\v2.31\pic\sources\c99\common\llmod.c"
 Parameters:    Size  Location     Type
  dividend        4    4[COMRAM] unsigned long 
  divisor         4    8[COMRAM] unsigned long 
 Auto vars:     Size  Location     Type
  counter         1   12[COMRAM] unsigned char 
 Return value:  Size  Location     Type
                  4    4[COMRAM] unsigned long 
 Registers used:
		wreg, status,2, status,0
 Tracked objects:
		On entry : 
		On exit  : 
		Unchanged: 
 Data sizes:     COMRAM   BANK0   BANK1   BANK2   BANK3   BANK4   BANK5   BANK6   BANK7   BANK8   BANK9  BANK10  BANK11  BANK12  BANK13  BANK14  BANK15
[...]
 Hardware stack levels required when called:    1
 This function calls:
		Nothing
 This function is called by:
		_main
		_LCD_write_uint32_number
 This function uses a non-reentrant model


 *************** function _Timer1_Init_Default *****************
 Defined at:
		line 31 in file "src/timer.c"
 Parameters:    Size  Location     Type
		None
 Auto vars:     Size  Location     Type
		None
 Return value:  Size  Location     Type
                  1    wreg      void 
 Registers used:
		wreg, status,2
 Tracked objects:
		On entry : 
		On exit  : 
		Unchanged: 
 Data sizes:     COMRAM   BANK0   BANK1   BANK2   BANK3   BANK4   BANK5   BANK6   BANK7   BANK8   BANK9  BANK10  BANK11  BANK12  BANK13  BANK14  BANK15
      Params:         0       0       0       0       0       0       0       0       0       0       0       0       0       0       0       0       0
      Locals:         0       0       0       0       0       0       0       0       0       0       0       0       0       0       0       0       0
      Temps:          0       0       0       0       0       0       0       0       0       0       0       0       0       0       0       0       0
      Totals:         0       0       0       0       0       0       0       0       0       0       0       0       0       0       0       0       0
Total ram usage:        0 bytes
 Hardware stack levels used:    1
 Hardware stack levels required when called:    1
 This function calls:
		Nothing
 This function is called by:
		_main
 This function uses a non-reentrant model


 *************** function _LCD_write_data_byte_4bit *****************
 Defined at:
		line 126 in file "src/lcd_driver.c"
 Parameters:    Size  Location     Type
  data            1    wreg     unsigned char 
 Auto vars:     Size  Location     Type
  data            1    7[COMRAM] unsigned char 
 Return value:  Size  Location     Type
                  1    wreg      void 
 Registers used:
		wreg, status,2, status,0, cstack
 Tracked objects:
		On entry : 
		On exit  : 
		Unchanged: 
 Data sizes:     COMRAM   BANK0   BANK1   BANK2   BANK3   BANK4   BANK5   BANK6   BANK7   BANK8   BANK9  BANK10  BANK11  BANK12  BANK13  BANK14  BANK15
      Params:         0       0       0       0       0       0       0       0       0       0       0       0       0       0       0       0       0
      Locals:         1       0       0       0       0       0       0       0       0       0       0       0       0       0       0       0       0
      Temps:          1       0       0       0       0       0       0       0       0       0       0       0       0       0       0       0       0
      Totals:         2       0       0       0       0       0       0       0       0       0       0       0       0       0       0       0       0
Total ram usage:        2 bytes
 Hardware stack levels used:    1
 Hardware stack levels required when called:    2
 This function calls:
		_LCD_enable_toggle
 This function is called by:
		_main
		_LCD_write_characters
		_LCD_write_uint32_number
 This function uses a non-reentrant model


 *************** function _LCD_set_cursor_position *****************
 Defined at:
		line 500 in file "src/lcd_driver.c"
 Parameters:    Size  Location     Type
  line            1    wreg     unsigned char 
  pos_on_line     1    8[COMRAM] unsigned char 
 Auto vars:     Size  Location     Type
  line            1   10[COMRAM] unsigned char 
  ddram_addr      1    9[COMRAM] unsigned char 
 Return value:  Size  Location     Type
                  1    wreg      unsigned char 
 Registers used:
		wreg, status,2, status,0, cstack
 Tracked objects:
		On entry : 
		On exit  : 
		Unchanged: 
 Data sizes:     COMRAM   BANK0   BANK1   BANK2   BANK3   BANK4   BANK5   BANK6   BANK7   BANK8   BANK9  BANK10  BANK11  BANK12  BANK13  BANK14  BANK15
      Params:         1       0       0       0       0       0       0       0       0       0       0       0       0       0       0       0       0
      Locals:         2       0       0       0       0       0       0       0       0       0       0       0       0       0       0       0       0
      Temps:          0       0       0       0       0       0       0       0       0       0       0       0       0       0       0       0       0
      Totals:         3       0       0       0       0       0       0       0       0       0       0       0       0       0       0       0       0
Total ram usage:        3 bytes
 Hardware stack levels used:    1
 Hardware stack levels required when called:    3
 This function calls:
		_LCD_write_instr_byte_4bit
		_LCD_write_instr_byte_8bit
 This function is called by:
		_main
 This function uses a non-reentrant model


 *************** function _LCD_clear_display *****************
 Defined at:
		line 427 in file "src/lcd_driver.c"
 Parameters:    Size  Location     Type
		None
 Auto vars:     Size  Location     Type
		None
 Return value:  Size  Location     Type
                  1    wreg      unsigned char 
 Registers used:
		wreg, status,2, status,0, cstack
 Tracked objects:
		On entry : 
		On exit  : 
		Unchanged: 
 Data sizes:     COMRAM   BANK0   BANK1   BANK2   BANK3   BANK4   BANK5   BANK6   BANK7   BANK8   BANK9  BANK10  BANK11  BANK12  BANK13  BANK14  BANK15
      Params:         0       0       0       0       0       0       0       0       0       0       0       0       0       0       0       0       0
      Locals:         0       0       0       0       0       0       0       0       0       0       0       0       0       0       0       0       0
      Temps:          1       0       0       0       0       0       0       0       0       0       0       0       0       0       0       0       0
      Totals:         1       0       0       0       0       0       0       0       0       0       0       0       0       0       0       0       0
Total ram usage:        1 bytes
 Hardware stack levels used:    1
 Hardware stack levels required when called:    3
 This function calls:
		_LCD_write_instr_byte_4bit
		_LCD_write_instr_byte_8bit
 This function is called by:
		_main
		_LCD_Init_amazonLCD
 This function uses a non-reentrant model


 *************** function _LCD_write_instr_byte_8bit *****************
 Defined at:
		line 200 in file "src/lcd_driver.c"
 Parameters:    Size  Location     Type
  instr           1    wreg     unsigned char 
 Auto vars:     Size  Location     Type
  instr           1    7[COMRAM] unsigned char 
 Return value:  Size  Location     Type
                  1    wreg      void 
 Registers used:
		wreg, status,2, status,0, cstack
 Tracked objects:
		On entry : 
		On exit  : 
		Unchanged: 
 Data sizes:     COMRAM   BANK0   BANK1   BANK2   BANK3   BANK4   BANK5   BANK6   BANK7   BANK8   BANK9  BANK10  BANK11  BANK12  BANK13  BANK14  BANK15
      Params:         0       0       0       0       0       0       0       0       0       0       0       0       0       0       0       0       0
      Locals:         1       0       0       0       0       0       0       0       0       0       0       0       0       0       0       0       0
      Temps:          1       0       0       0       0       0       0       0       0       0       0       0       0       0       0       0       0
      Totals:         2       0       0       0       0       0       0       0       0       0       0       0       0       0       0       0       0
Total ram usage:        2 bytes
 Hardware stack levels used:    1
 Hardware stack levels required when called:    2
 This function calls:
		_LCD_enable_toggle
 This function is called by:
		_LCD_clear_display
		_LCD_set_cursor_position
		_LCD_Init_amazonLCD
		_LCD_return_home
		_LCD_write_characters
		_LCD_turn_off_cursor
		_LCD_turn_on_cursor
 This function uses a non-reentrant model


 *************** function _LCD_Init_ECE376 *****************
 Defined at:
		line 224 in file "src/lcd_driver.c"
 Parameters:    Size  Location     Type
		None
 Auto vars:     Size  Location     Type
		None
 Return value:  Size  Location     Type
                  1    wreg      void 
 Registers used:
		wreg, status,2, status,0, cstack
 Tracked objects:
		On entry : 
		On exit  : 
		Unchanged: 
 Data sizes:     COMRAM   BANK0   BANK1   BANK2   BANK3   BANK4   BANK5   BANK6   BANK7   BANK8   BANK9  BANK10  BANK11  BANK12  BANK13  BANK14  BANK15
      Params:         0       0       0       0       0       0       0       0       0       0       0       0       0       0       0       0       0
      Locals:         0       0       0       0       0       0       0       0       0       0       0       0       0       0       0       0       0
      Temps:          2       0       0       0       0       0       0       0       0       0       0       0       0       0       0       0       0
      Totals:         2       0       0       0       0       0       0       0       0       0       0       0       0       0       0       0       0
Total ram usage:        2 bytes
 Hardware stack levels used:    1
 Hardware stack levels required when called:    3
 This function calls:
		_LCD_write_instr_byte_4bit
 This function is called by:
		_main
 This function uses a non-reentrant model


 *************** function _LCD_write_instr_byte_4bit *****************
 Defined at:
		line 175 in file "src/lcd_driver.c"
 Parameters:    Size  Location     Type
  instr           1    wreg     unsigned char 
 Auto vars:     Size  Location     Type
  instr           1    7[COMRAM] unsigned char 
 Return value:  Size  Location     Type
                  1    wreg      void 
 Registers used:
		wreg, status,2, status,0, cstack
 Tracked objects:
		On entry : 
		On exit  : 
		Unchanged: 
 Data sizes:     COMRAM   BANK0   BANK1   BANK2   BANK3   BANK4   BANK5   BANK6   BANK7   BANK8   BANK9  BANK10  BANK11  BANK12  BANK13  BANK14  BANK15
      Params:         0       0       0       0       0       0       0       0       0       0       0       0       0       0       0       0       0
      Locals:         1       0       0       0       0       0       0       0       0       0       0       0       0       0       0       0       0
      Temps:          1       0       0       0       0       0       0       0       0       0       0       0       0       0       0       0       0
      Totals:         2       0       0       0       0       0       0       0       0       0       0       0       0       0       0       0       0
Total ram usage:        2 bytes
 Hardware stack levels used:    1
 Hardware stack levels required when called:    2
 This function calls:
		_LCD_enable_toggle
 This function is called by:
		_LCD_Init_ECE376
		_LCD_clear_display
		_LCD_set_cursor_position
		_LCD_Init_amazonLCD
		_LCD_return_home
		_LCD_write_characters
		_LCD_turn_off_cursor
		_LCD_turn_on_cursor
 This function uses a non-reentrant model


 *************** function _LCD_enable_toggle *****************
 Defined at:
		line 45 in file "src/lcd_driver.c"
 Parameters:    Size  Location     Type
		None
 Auto vars:     Size  Location     Type
		None
 Return value:  Size  Location     Type
                  1    wreg      void 
 Registers used:
		wreg, status,2, status,0
 Tracked objects:
		On entry : 
		On exit  : 
		Unchanged: 
 Data sizes:     COMRAM   BANK0   BANK1   BANK2   BANK3   BANK4   BANK5   BANK6   BANK7   BANK8   BANK9  BANK10  BANK11  BANK12  BANK13  BANK14  BANK15
      Params:         0       0       0       0       0       0       0       0       0       0       0       0       0       0       0       0       0
      Locals:         0       0       0       0       0       0       0       0       0       0       0       0       0       0       0       0       0
      Temps:          2       0       0       0       0       0       0       0       0       0       0       0       0       0       0       0       0
      Totals:         2       0       0       0       0       0       0       0       0       0       0       0       0       0       0       0       0
Total ram usage:        2 bytes
 Hardware stack levels used:    1
 Hardware stack levels required when called:    1
 This function calls:
		Nothing
 This function is called by:
		_LCD_write_data_byte_4bit
		_LCD_write_instr_byte_4bit
		_LCD_write_instr_byte_8bit
		_LCD_wait_for_BF
		_LCD_write_data_byte_8bit
		_LCD_Init
		_LCD_read_current_address_counter
 This function uses a non-reentrant model


 *************** function _CCP1_Capture_Init_Default *****************
 Defined at:
		line 66 in file "src/ccp.c"
 Parameters:    Size  Location     Type
		None
 Auto vars:     Size  Location     Type
		None
 Return value:  Size  Location     Type
                  1    wreg      void 
 Registers used:
		wreg, status,2, status,0
 Tracked objects:
		On entry : 
		On exit  : 
		Unchanged: 
 Data sizes:     COMRAM   BANK0   BANK1   BANK2   BANK3   BANK4   BANK5   BANK6   BANK7   BANK8   BANK9  BANK10  BANK11  BANK12  BANK13  BANK14  BANK15
      Params:         0       0       0       0       0       0       0       0       0       0       0       0       0       0       0       0       0
      Locals:         0       0       0       0       0       0       0       0       0       0       0       0       0       0       0       0       0
      Temps:          0       0       0       0       0       0       0       0       0       0       0       0       0       0       0       0       0
      Totals:         0       0       0       0       0       0       0       0       0       0       0       0       0       0       0       0       0
Total ram usage:        0 bytes
 Hardware stack levels used:    1
 Hardware stack levels required when called:    1
 This function calls:
		Nothing
 This function is called by:
		_main
 This function uses a non-reentrant model


 *************** function _isr *****************
 Defined at:
		line 150 in file "ece376_hw9_ccp_capt.c"
 Parameters:    Size  Location     Type
		None
 Auto vars:     Size  Location     Type
		None
 Return value:  Size  Location     Type
                  1    wreg      void 
 Registers used:
		wreg, status,2, status,0
 Tracked objects:
		On entry : 
		On exit  : 
		Unchanged: 
 Data sizes:     COMRAM   BANK0   BANK1   BANK2   BANK3   BANK4   BANK5   BANK6   BANK7   BANK8   BANK9  BANK10  BANK11  BANK12  BANK13  BANK14  BANK15
      Params:         0       0       0       0       0       0       0       0       0       0       0       0       0       0       0       0       0
      Locals:         0       0       0       0       0       0       0       0       0       0       0       0       0       0       0       0       0
      Temps:          4       0       0       0       0       0       0       0       0       0       0       0       0       0       0       0       0
      Totals:         4       0       0       0       0       0       0       0       0       0       0       0       0       0       0       0       0
Total ram usage:        4 bytes
 Hardware stack levels used:    1
 This function calls:
		Nothing
 This function is called by:
		Interrupt level 2
 This function uses a non-reentrant model



MODULE INFORMATION

Module		Function		Class		Link	Load	Size
src/ccp.c
		_CCP1_Capture_Init_Default		CODE           	2784	0000	12

src/ccp.c estimated size: 12

C:\Program Files\Microchip\xc8\v2.31\pic\sources\c99\common\isdigit.c
		_isdigit       		CODE           	264E	0000	56

C:\Program Files\Microchip\xc8\v2.31\pic\sources\c99\common\isdigit.c estimated size: 56

ece376_hw9_ccp_capt.c
		_main          		CODE           	1038	0000	1068
		_hex_to_bit_string		CODE           	233C	0000	122
		_isr           		CODE           	0008	0000	146

ece376_hw9_ccp_capt.c estimated size: 1336

C:\Program Files\Microchip\xc8\v2.31\pic\sources\c99\common\strcat.c
		_strcat        		CODE           	2714	0000	38

C:\Program Files\Microchip\xc8\v2.31\pic\sources\c99\common\strcat.c estimated size: 38

C:\Program Files\Microchip\xc8\v2.31\pic\sources\c99\common\putch.c
		_putch         		CODE           	2798	0000	2

C:\Program Files\Microchip\xc8\v2.31\pic\sources\c99\common\putch.c estimated size: 2

C:\Program Files\Microchip\xc8\v2.31\pic\sources\c99\common\nf_fputs.c
		_fputs         		CODE           	25CC	0000	68

C:\Program Files\Microchip\xc8\v2.31\pic\sources\c99\common\nf_fputs.c estimated size: 68

C:\Program Files\Microchip\xc8\v2.31\pic\sources\c99\common\lomod.c
		___lomod       		CODE           	1D12	0000	208

C:\Program Files\Microchip\xc8\v2.31\pic\sources\c99\common\lomod.c estimated size: 208

C:\Program Files\Microchip\xc8\v2.31\pic\sources\c99\common\atoi.c
		_atoi          		CODE           	19AA	0000	400

C:\Program Files\Microchip\xc8\v2.31\pic\sources\c99\common\atoi.c estimated size: 400

C:\Program Files\Microchip\xc8\v2.31\pic\sources\c99\common\strlen.c
		_strlen        		CODE           	2686	0000	54

C:\Program Files\Microchip\xc8\v2.31\pic\sources\c99\common\strlen.c estimated size: 54

src/lcd_driver.c
		_LCD_Init_ECE376		CODE           	1C2A	0000	232
		_LCD_write_instr_byte_4bit		CODE           	257E	0000	78
		_LCD_clear_display		CODE           	26BC	0000	48
		_LCD_enable_toggle		CODE           	1F76	0000	200
		_LCD_write_data_byte_4bit		CODE           	2530	0000	78
		_LCD_write_instr_byte_8bit		CODE           	26EC	0000	40
		_LCD_set_cursor_position		CODE           	1EAC	0000	202

src/lcd_driver.c estimated size: 878

C:\Program Files\Microchip\xc8\v2.31\pic\sources\c99\common\strcpy.c
		_strcpy        		CODE           	2610	0000	62

C:\Program Files\Microchip\xc8\v2.31\pic\sources\c99\common\strcpy.c estimated size: 62

C:\Program Files\Microchip\xc8\v2.31\pic\sources\c99\common\llmod.c
		___llmod       		CODE           	2230	0000	136

C:\Program Files\Microchip\xc8\v2.31\pic\sources\c99\common\llmod.c estimated size: 136

C:\Program Files\Microchip\xc8\v2.31\pic\sources\c99\common\lodiv.c
		___lodiv       		CODE           	1B3A	0000	240

C:\Program Files\Microchip\xc8\v2.31\pic\sources\c99\common\lodiv.c estimated size: 240

C:\Program Files\Microchip\xc8\v2.31\pic\sources\c99\common\nf_fputc.c
		_fputc         		CODE           	1DE2	0000	202

C:\Program Files\Microchip\xc8\v2.31\pic\sources\c99\common\nf_fputc.c estimated size: 202

shared
		_init_msg      		SMALLCONST     	1001	0000	14
		_result_msg_title		SMALLCONST     	101B	0000	8
		__initialization		CODE           	22B8	0000	118
		_start_game_msg		SMALLCONST     	100F	0000	12

shared estimated size: 152

C:\Program Files\Microchip\xc8\v2.31\pic\sources\c99\common\lwdiv.c
		___lwdiv       		CODE           	23B6	0000	116

C:\Program Files\Microchip\xc8\v2.31\pic\sources\c99\common\lwdiv.c estimated size: 116

C:\Program Files\Microchip\xc8\v2.31\pic\sources\c99\common\doprnt.c
		_vfpfcnvrt     		CODE           	1464	0000	838
		_pad           		CODE           	203E	0000	194
		_vfprintf      		CODE           	242A	0000	98
		_utoa          		CODE           	17AA	0000	512

C:\Program Files\Microchip\xc8\v2.31\pic\sources\c99\common\doprnt.c estimated size: 1642

C:\Program Files\Microchip\xc8\v2.31\pic\sources\c99\common\nf_sprintf.c
		_sprintf       		CODE           	248C	0000	82

C:\Program Files\Microchip\xc8\v2.31\pic\sources\c99\common\nf_sprintf.c estimated size: 82

C:\Program Files\Microchip\xc8\v2.31\pic\sources\c99\common\isspace.c
		_isspace       		CODE           	24DE	0000	82

C:\Program Files\Microchip\xc8\v2.31\pic\sources\c99\common\isspace.c estimated size: 82

C:\Program Files\Microchip\xc8\v2.31\pic\sources\c99\common\Umul16.c
		___wmul        		CODE           	273A	0000	38

C:\Program Files\Microchip\xc8\v2.31\pic\sources\c99\common\Umul16.c estimated size: 38

src/timer.c
		_Timer1_Init_Default		CODE           	2790	0000	8

src/timer.c estimated size: 8

C:\Program Files\Microchip\xc8\v2.31\pic\sources\c99\common\__lldiv.c
		___lldiv       		CODE           	2100	0000	164

C:\Program Files\Microchip\xc8\v2.31\pic\sources\c99\common\__lldiv.c estimated size: 164

