Microchip MPLAB XC8 Compiler V2.31

Linker command line:

-W-3 --edf=C:\Program Files\Microchip\xc8\v2.31\pic\dat\en_msgs.txt -cn \
  -h+dist/default/production\ece376_hw9_tmr_ccp.X.production.sym \
  --cmf=dist/default/production\ece376_hw9_tmr_ccp.X.production.cmf -z \
  -Q18F4620 -oC:\Users\almos\AppData\Local\Temp\sf4s.2 \
  --defsym=__MPLAB_BUILD=1 \
  -Mdist/default/production/ece376_hw9_tmr_ccp.X.production.map -E1 \
  -ver=XC8 Compiler --acfsm=1493 -ASTACK=0D5h-0F7Fh -pstack=STACK \
  -ACODE=00h-0FFFFh -ACONST=00h-0FFFFh -ASMALLCONST=01000h-010FFhx240 \
  -AMEDIUMCONST=01000h-0FFFFh -ACOMRAM=01h-07Fh -AABS1=00h-0F7Fh \
  -ABIGRAM=01h-0F7Fh -ARAM=080h-0FFh,0100h-01FFhx14,0F00h-0F7Fh \
  -ABANK0=080h-0FFh -ABANK1=0100h-01FFh -ABANK2=0200h-02FFh \
  -ABANK3=0300h-03FFh -ABANK4=0400h-04FFh -ABANK5=0500h-05FFh \
  -ABANK6=0600h-06FFh -ABANK7=0700h-07FFh -ABANK8=0800h-08FFh \
  -ABANK9=0900h-09FFh -ABANK10=0A00h-0AFFh -ABANK11=0B00h-0BFFh \
  -ABANK12=0C00h-0CFFh -ABANK13=0D00h-0DFFh -ABANK14=0E00h-0EFFh \
  -ABANK15=0F00h-0F7Fh -ASFR=0F80h-0FFFh -ACONFIG=0300000h-030000Dh \
  -AIDLOC=0200000h-0200007h -AEEDATA=0F00000h-0F003FFh -peeprom_data=EEDATA \
  -preset_vec=00h,intcode=08h,intcodelo,powerup,init -pramtop=01000h \
  -psmallconst=SMALLCONST -pmediumconst=MEDIUMCONST -pconst=CONST \
  -AFARRAM=00h-00h \
  -prdata=COMRAM,nvrram=COMRAM,nvbit=COMRAM,rbss=COMRAM,rbit=COMRAM \
  -pfarbss=FARRAM,fardata=FARRAM,nvFARRAM=FARRAM \
  -pintsave_regs=BIGRAM,bigbss=BIGRAM,bigdata=BIGRAM -pbss=RAM \
  -pidata=CODE,irdata=CODE,ibigdata=CODE,ifardata=CODE -prparam=COMRAM \
  C:\Users\almos\AppData\Local\Temp\sf4s.o \
  dist/default/production\ece376_hw9_tmr_ccp.X.production.o 

Object code version is 3.11

Machine type is 18F4620



                Name                               Link     Load   Length Selector   Space Scale
C:\Users\almos\AppData\Local\Temp\sf4s.o
                idloc                            200000   200000        8        0       5
                config                           300000   300000        E        0       4
                init                                  E        E        4        4       0
                reset_vec                             0        0        4        0       0
dist/default/production\ece376_hw9_tmr_ccp.X.production.o
                intcode                               8        8        6        4       0
                idloc                            200000   200000        8        0       5
                config                           300000   300000        E        0       4
                temp                                 7F       7F        1        1       1
                smallconst                         1000     1000       36      800       0
                intcode_body                       1BA4     1BA4       80      81B       0
                text28                             205A     205A        C      81B       0
                text27                             204E     204E        C      81B       0
                text26                             19F6     19F6       AC      81B       0
                text25                             1E0C     1E0C       4E      81B       0
                text24                             1794     1794       E6      81B       0
                text23                             1FBA     1FBA       28      81B       0
                text22                             2008     2008       24      81B       0
                text21                             1D08     1D08       64      81B       0
                text20                             1DBE     1DBE       4E      81B       0
                text19                             2066     2066        8      81B       0
                text18                             1AA2     1AA2       82      81B       0
                text17                             1CA2     1CA2       66      81B       0
                text16                             1D6C     1D6C       52      81B       0
                text15                             1FE2     1FE2       26      81B       0
                text14                             1F8A     1F8A       30      81B       0
                text13                             1EE6     1EE6       3E      81B       0
                text12                             1658     1658      13C      81B       0
                text11                             187A     187A       CE      81B       0
                text10                             1948     1948       AE      81B       0
                text9                              2072     2072        2      81B       0
                text8                              1B24     1B24       80      81B       0
                text7                              1F5A     1F5A       30      81B       0
                text6                              202C     202C       22      81B       0
                text5                              1C24     1C24       7E      81B       0
                text4                              14B8     14B8      1A0      81B       0
                text3                              12E6     12E6      1D2      81B       0
                text2                              1EA0     1EA0       46      81B       0
                text1                              1F24     1F24       36      81B       0
                text0                              1036     1036      2B0      81B       0
                cstackCOMRAM                          1        1       67        1       1
                bssBANK0                             80       80       55       80       1
                dataCOMRAM                           7B       7B        4        1       1
                bssCOMRAM                            68       68       13        1       1
                cinit                              1E5A     1E5A       46      81B       0
                idataCOMRAM                        206E     206E        4      81B       0

TOTAL           Name                               Link     Load   Length     Space
        CLASS   STACK          

        CLASS   CODE           
                intcode                               8        8        6         0
                init                                  E        E        4         0
                reset_vec                             0        0        4         0
                intcode_body                       1BA4     1BA4       80         0
                text28                             205A     205A        C         0
                text27                             204E     204E        C         0
                text26                             19F6     19F6       AC         0
                text25                             1E0C     1E0C       4E         0
                text24                             1794     1794       E6         0
                text23                             1FBA     1FBA       28         0
                text22                             2008     2008       24         0
                text21                             1D08     1D08       64         0
                text20                             1DBE     1DBE       4E         0
                text19                             2066     2066        8         0
                text18                             1AA2     1AA2       82         0
                text17                             1CA2     1CA2       66         0
                text16                             1D6C     1D6C       52         0
                text15                             1FE2     1FE2       26         0
                text14                             1F8A     1F8A       30         0
                text13                             1EE6     1EE6       3E         0
                text12                             1658     1658      13C         0
                text11                             187A     187A       CE         0
                text10                             1948     1948       AE         0
                text9                              2072     2072        2         0
                text8                              1B24     1B24       80         0
                text7                              1F5A     1F5A       30         0
                text6                              202C     202C       22         0
                text5                              1C24     1C24       7E         0
                text4                              14B8     14B8      1A0         0
                text3                              12E6     12E6      1D2         0
                text2                              1EA0     1EA0       46         0
                text1                              1F24     1F24       36         0
                text0                              1036     1036      2B0         0
                cinit                              1E5A     1E5A       46         0
                idataCOMRAM                        206E     206E        4         0

        CLASS   CONST          

        CLASS   SMALLCONST     
                smallconst                         1000     1000       36         0

        CLASS   MEDIUMCONST    

        CLASS   COMRAM         
                temp                                 7F       7F        1         1
                cstackCOMRAM                          1        1       67         1
                dataCOMRAM                           7B       7B        4         1
                bssCOMRAM                            68       68       13         1

        CLASS   ABS1           

        CLASS   BIGRAM         

        CLASS   RAM            

        CLASS   BANK0          
                bssBANK0                             80       80       55         1

        CLASS   BANK1          

        CLASS   BANK2          

        CLASS   BANK3          

        CLASS   BANK4          

        CLASS   BANK5          

        CLASS   BANK6          

        CLASS   BANK7          

        CLASS   BANK8          

        CLASS   BANK9          

        CLASS   BANK10         

        CLASS   BANK11         

        CLASS   BANK12         

        CLASS   BANK13         

        CLASS   BANK14         

        CLASS   BANK15         

        CLASS   SFR            

        CLASS   CONFIG         
                config                           300000   300000        E         4

        CLASS   IDLOC          
                idloc                            200000   200000        8         5

        CLASS   EEDATA         

        CLASS   FARRAM         



SEGMENTS        Name                           Load    Length   Top    Selector   Space  Class

                reset_vec                      000000  000004  000004         0       0  CODE    
                cstackCOMRAM                   000001  00007F  000080         1       1  COMRAM  
                intcode                        000008  00000A  000012         4       0  CODE    
                bssBANK0                       000080  000055  0000D5        80       1  BANK0   
                smallconst                     001000  000036  001036       800       0  SMALLCON
                text0                          001036  00103E  002074       81B       0  CODE    


UNUSED ADDRESS RANGES

        Name                Unused          Largest block    Delta
        BANK0            0000D5-0000FF               2B
        BANK1            000100-0001FF              100
        BANK10           000A00-000AFF              100
        BANK11           000B00-000BFF              100
        BANK12           000C00-000CFF              100
        BANK13           000D00-000DFF              100
        BANK14           000E00-000EFF              100
        BANK15           000F00-000F7F               80
        BANK2            000200-0002FF              100
        BANK3            000300-0003FF              100
        BANK4            000400-0004FF              100
        BANK5            000500-0005FF              100
        BANK6            000600-0006FF              100
        BANK7            000700-0007FF              100
        BANK8            000800-0008FF              100
        BANK9            000900-0009FF              100
        BIGRAM           0000D5-000F7F              EAB
        CODE             000004-000007                4
                         000012-000FFF              FEE
                         002074-00FFFF             DF8C
        CONST            000004-000007                4
                         000012-000FFF              FEE
                         002074-00FFFF             DF8C
        EEDATA           F00000-F003FF              400
        MEDIUMCONST      002074-00FFFF             DF8C
        RAM              0000D5-000F7F              100
        SFR              000F80-000FFF               80
        SMALLCONST       002074-00FFFF              100
        STACK            0000D5-000F7F              EAB

                                  Symbol Table

?___lldiv                           cstackCOMRAM 00000A
?___llmod                           cstackCOMRAM 000001
?___lodiv                           cstackCOMRAM 000001
?___lomod                           cstackCOMRAM 000001
?___lwdiv                           cstackCOMRAM 00000A
?___wmul                            cstackCOMRAM 000001
?_atoi                              cstackCOMRAM 000008
?_isdigit                           cstackCOMRAM 000001
?_isspace                           cstackCOMRAM 000001
?_pad                               cstackCOMRAM 00000E
?_sprintf                           cstackCOMRAM 00004E
?_strlen                            cstackCOMRAM 000001
?_utoa                              cstackCOMRAM 00001A
?_vfpfcnvrt                         cstackCOMRAM 000039
?_vfprintf                          cstackCOMRAM 00004A
LCD_set_cursor_position@ddram_addr  cstackCOMRAM 000006
LCD_set_cursor_position@line        cstackCOMRAM 000007
LCD_set_cursor_position@pos_on_line cstackCOMRAM 000005
LCD_write_data_byte_4bit@data       cstackCOMRAM 000004
LCD_write_instr_byte_4bit@instr     cstackCOMRAM 000004
LCD_write_instr_byte_8bit@instr     cstackCOMRAM 000004
_ADCON1                             (abs)        000FC1
_CCP1CON                            (abs)        000FBD
_CCP1_Capture_Init_Default          text28       00205A
_CCP2CON                            (abs)        000FBA
_CCP2_Capture_Init_Default          text27       00204E
_CCPR1                              (abs)        000FBE
_CCPR2                              (abs)        000FBB
_CURRENT_DISP                       bssCOMRAM    00007A
_DISP_BIT_MODE                      bssCOMRAM    000079
_INTCONbits                         (abs)        000FF2
_LATCbits                           (abs)        000F8B
_LATDbits                           (abs)        000F8C
_LCD_Init_ECE376                    text24       001794
_LCD_clear_display                  text22       002008
_LCD_enable_toggle                  text26       0019F6
_LCD_set_cursor_position            text21       001D08
_LCD_write_data_byte_4bit           text20       001DBE
_LCD_write_instr_byte_4bit          text25       001E0C
_LCD_write_instr_byte_8bit          text23       001FBA
_PIE1bits                           (abs)        000F9D
_PIE2bits                           (abs)        000FA0
_PIR1bits                           (abs)        000F9E
_PIR2bits                           (abs)        000FA1
_PORTB                              (abs)        000F81
_PORTBbits                          (abs)        000F81
_PORTC                              (abs)        000F82
_PORTD                              (abs)        000F83
_T1CON                              (abs)        000FCD
_T3CON                              (abs)        000FB1
_TRISB                              (abs)        000F93
_TRISC                              (abs)        000F94
_TRISD                              (abs)        000F95
_Timer1_Init_Default                text19       002066
__HRAM                              (abs)        000000
__Habs1                             abs1         000000
__Hbank0                            bank0        000000
__Hbank1                            bank1        000000
__Hbank10                           bank10       000000
__Hbank11                           bank11       000000
__Hbank12                           bank12       000000
__Hbank13                           bank13       000000
__Hbank14                           bank14       000000
__Hbank15                           bank15       000000
__Hbank2                            bank2        000000
__Hbank3                            bank3        000000
__Hbank4                            bank4        000000
__Hbank5                            bank5        000000
__Hbank6                            bank6        000000
__Hbank7                            bank7        000000
__Hbank8                            bank8        000000
__Hbank9                            bank9        000000
__Hbigbss                           bigbss       000000
__Hbigdata                          bigdata      000000
__Hbigram                           bigram       000000
__Hbss                              bss          000000
__HbssBANK0                         bssBANK0     000000
__HbssCOMRAM                        bssCOMRAM    000000
__Hcinit                            cinit        000000
__Hclrtext                          clrtext      000000
__Hcomram                           comram       000000
__Hconfig                           config       30000E
__Hconst                            const        000000
__HcstackCOMRAM                     cstackCOMRAM 000000
__Hdata                             data         000000
__HdataCOMRAM                       dataCOMRAM   000000
__Heeprom_data                      eeprom_data  000000
__Hfarbss                           farbss       000000
__Hfardata                          fardata      000000
__Hibigdata                         ibigdata     000000
__Hidata                            idata        000000
__HidataCOMRAM                      idataCOMRAM  000000
__Hidloc                            idloc        200008
__Hifardata                         ifardata     000000
__Hinit                             init         000012
__Hintcode                          intcode      00000E
__Hintcode_body                     intcode_body 000000
__Hintcodelo                        intcodelo    00000E
__Hintentry                         intentry     000000
__Hintret                           intret       000000
__Hintsave_regs                     intsave_regs 000000
__Hirdata                           irdata       000000
__Hmediumconst                      mediumconst  000000
__HnvFARRAM                         nvFARRAM     000000
__Hnvbit                            nvbit        000000
__Hnvrram                           nvrram       000000
__Hparam                            rparam       000000
__Hpowerup                          powerup      00000E
__Hram                              ram          000000
__Hramtop                           ramtop       001000
__Hrbit                             rbit         000000
__Hrbss                             rbss         000000
__Hrdata                            rdata        000000
__Hreset_vec                        reset_vec    000004
__Hrparam                           rparam       000000
__Hsfr                              sfr          000000
__Hsmallconst                       smallconst   001036
__Hspace_0                          (abs)        002074
__Hspace_1                          (abs)        0000D5
__Hspace_2                          (abs)        000000
__Hspace_4                          (abs)        60000E
__Hstack                            stack        000000
__Hstruct                           struct       000000
__Htemp                             temp         000080
__Htext                             text         000000
__Htext0                            text0        000000
__Htext1                            text1        000000
__Htext10                           text10       000000
__Htext11                           text11       000000
__Htext12                           text12       000000
__Htext13                           text13       000000
__Htext14                           text14       000000
__Htext15                           text15       000000
__Htext16                           text16       000000
__Htext17                           text17       000000
__Htext18                           text18       000000
__Htext19                           text19       000000
__Htext2                            text2        000000
__Htext20                           text20       000000
__Htext21                           text21       000000
__Htext22                           text22       000000
__Htext23                           text23       000000
__Htext24                           text24       000000
__Htext25                           text25       000000
__Htext26                           text26       000000
__Htext27                           text27       000000
__Htext28                           text28       000000
__Htext3                            text3        000000
__Htext4                            text4        000000
__Htext5                            text5        000000
__Htext6                            text6        000000
__Htext7                            text7        000000
__Htext8                            text8        000000
__Htext9                            text9        000000
__LRAM                              (abs)        000001
__Labs1                             abs1         000000
__Lbank0                            bank0        000000
__Lbank1                            bank1        000000
__Lbank10                           bank10       000000
__Lbank11                           bank11       000000
__Lbank12                           bank12       000000
__Lbank13                           bank13       000000
__Lbank14                           bank14       000000
__Lbank15                           bank15       000000
__Lbank2                            bank2        000000
__Lbank3                            bank3        000000
__Lbank4                            bank4        000000
__Lbank5                            bank5        000000
__Lbank6                            bank6        000000
__Lbank7                            bank7        000000
__Lbank8                            bank8        000000
__Lbank9                            bank9        000000
__Lbigbss                           bigbss       000000
__Lbigdata                          bigdata      000000
__Lbigram                           bigram       000000
__Lbss                              bss          000000
__LbssBANK0                         bssBANK0     000000
__LbssCOMRAM                        bssCOMRAM    000000
__Lcinit                            cinit        000000
__Lclrtext                          clrtext      000000
__Lcomram                           comram       000000
__Lconfig                           config       000000
__Lconst                            const        000000
__LcstackCOMRAM                     cstackCOMRAM 000000
__Ldata                             data         000000
__LdataCOMRAM                       dataCOMRAM   000000
__Leeprom_data                      eeprom_data  000000
__Lfarbss                           farbss       000000
__Lfardata                          fardata      000000
__Libigdata                         ibigdata     000000
__Lidata                            idata        000000
__LidataCOMRAM                      idataCOMRAM  000000
__Lidloc                            idloc        000000
__Lifardata                         ifardata     000000
__Linit                             init         00000E
__Lintcode                          intcode      000008
__Lintcode_body                     intcode_body 000000
__Lintcodelo                        intcodelo    00000E
__Lintentry                         intentry     000000
__Lintret                           intret       000000
__Lintsave_regs                     intsave_regs 000000
__Lirdata                           irdata       000000
__Lmediumconst                      mediumconst  000000
__LnvFARRAM                         nvFARRAM     000000
__Lnvbit                            nvbit        000000
__Lnvrram                           nvrram       000000
__Lparam                            rparam       000000
__Lpowerup                          powerup      00000E
__Lram                              ram          000000
__Lramtop                           ramtop       001000
__Lrbit                             rbit         000000
__Lrbss                             rbss         000000
__Lrdata                            rdata        000000
__Lreset_vec                        reset_vec    000000
__Lrparam                           rparam       000000
__Lsfr                              sfr          000000
__Lsmallconst                       smallconst   001000
__Lspace_0                          (abs)        000000
__Lspace_1                          (abs)        000000
__Lspace_2                          (abs)        000000
__Lspace_4                          (abs)        000000
__Lstack                            stack        000000
__Lstruct                           struct       000000
__Ltemp                             temp         00007F
__Ltext                             text         000000
__Ltext0                            text0        000000
__Ltext1                            text1        000000
__Ltext10                           text10       000000
__Ltext11                           text11       000000
__Ltext12                           text12       000000
__Ltext13                           text13       000000
__Ltext14                           text14       000000
__Ltext15                           text15       000000
__Ltext16                           text16       000000
__Ltext17                           text17       000000
__Ltext18                           text18       000000
__Ltext19                           text19       000000
__Ltext2                            text2        000000
__Ltext20                           text20       000000
__Ltext21                           text21       000000
__Ltext22                           text22       000000
__Ltext23                           text23       000000
__Ltext24                           text24       000000
__Ltext25                           text25       000000
__Ltext26                           text26       000000
__Ltext27                           text27       000000
__Ltext28                           text28       000000
__Ltext3                            text3        000000
__Ltext4                            text4        000000
__Ltext5                            text5        000000
__Ltext6                            text6        000000
__Ltext7                            text7        000000
__Ltext8                            text8        000000
__Ltext9                            text9        000000
__S0                                (abs)        002074
__S1                                (abs)        0000D5
__S2                                (abs)        000000
__S4                                (abs)        000000
__S5                                (abs)        000000
___inthi_sp                         stack        000000
___intlo_sp                         stack        000000
___lldiv                            text18       001AA2
___lldiv@counter                    cstackCOMRAM 000016
___lldiv@dividend                   cstackCOMRAM 00000A
___lldiv@divisor                    cstackCOMRAM 00000E
___lldiv@quotient                   cstackCOMRAM 000012
___llmod                            text17       001CA2
___llmod@counter                    cstackCOMRAM 000009
___llmod@dividend                   cstackCOMRAM 000001
___llmod@divisor                    cstackCOMRAM 000005
___lodiv                            text11       00187A
___lodiv@counter                    cstackCOMRAM 000019
___lodiv@dividend                   cstackCOMRAM 000001
___lodiv@divisor                    cstackCOMRAM 000009
___lodiv@quotient                   cstackCOMRAM 000011
___lomod                            text10       001948
___lomod@counter                    cstackCOMRAM 000011
___lomod@dividend                   cstackCOMRAM 000001
___lomod@divisor                    cstackCOMRAM 000009
___lwdiv                            text16       001D6C
___lwdiv@counter                    cstackCOMRAM 000010
___lwdiv@dividend                   cstackCOMRAM 00000A
___lwdiv@divisor                    cstackCOMRAM 00000C
___lwdiv@quotient                   cstackCOMRAM 00000E
___param_bank                       (abs)        000000
___rparam_used                      (abs)        000001
___sp                               stack        000000
___wmul                             text15       001FE2
___wmul@multiplicand                cstackCOMRAM 000003
___wmul@multiplier                  cstackCOMRAM 000001
___wmul@product                     cstackCOMRAM 000005
__accesstop                         (abs)        000080
__activetblptr                      (abs)        000002
__end_of_CCP1_Capture_Init_Default  text28       002066
__end_of_CCP2_Capture_Init_Default  text27       00205A
__end_of_LCD_Init_ECE376            text24       00187A
__end_of_LCD_clear_display          text22       00202C
__end_of_LCD_enable_toggle          text26       001AA2
__end_of_LCD_set_cursor_position    text21       001D6C
__end_of_LCD_write_data_byte_4bit   text20       001E0C
__end_of_LCD_write_instr_byte_4bit  text25       001E5A
__end_of_LCD_write_instr_byte_8bit  text23       001FE2
__end_of_Timer1_Init_Default        text19       00206E
__end_of___lldiv                    text18       001B24
__end_of___llmod                    text17       001D08
__end_of___lodiv                    text11       001948
__end_of___lomod                    text10       0019F6
__end_of___lwdiv                    text16       001DBE
__end_of___wmul                     text15       002008
__end_of__initialization            cinit        001E92
__end_of_atoi                       text12       001794
__end_of_fputc                      text8        001BA4
__end_of_fputs                      text7        001F8A
__end_of_init_msg                   smallconst   00100F
__end_of_isdigit                    text14       001FBA
__end_of_isr                        intcode_body 001C24
__end_of_isspace                    text13       001F24
__end_of_main                       text0        0012E6
__end_of_pad                        text5        001CA2
__end_of_putch                      text9        002074
__end_of_result_msg_title           smallconst   001023
__end_of_sprintf                    text1        001F5A
__end_of_start_game_msg             smallconst   00101B
__end_of_strlen                     text6        00204E
__end_of_utoa                       text4        001658
__end_of_vfpfcnvrt                  text3        0014B8
__end_of_vfprintf                   text2        001EE6
__initialization                    cinit        001E5A
__mediumconst                       mediumconst  000000
__pbssBANK0                         bssBANK0     000080
__pbssCOMRAM                        bssCOMRAM    000068
__pcinit                            cinit        001E5A
__pcstackCOMRAM                     cstackCOMRAM 000001
__pdataCOMRAM                       dataCOMRAM   00007B
__pidataCOMRAM                      idataCOMRAM  00206E
__pintcode                          intcode      000008
__pintcode_body                     intcode_body 001BA4
__psmallconst                       smallconst   001000
__ptext0                            text0        001036
__ptext1                            text1        001F24
__ptext10                           text10       001948
__ptext11                           text11       00187A
__ptext12                           text12       001658
__ptext13                           text13       001EE6
__ptext14                           text14       001F8A
__ptext15                           text15       001FE2
__ptext16                           text16       001D6C
__ptext17                           text17       001CA2
__ptext18                           text18       001AA2
__ptext19                           text19       002066
__ptext2                            text2        001EA0
__ptext20                           text20       001DBE
__ptext21                           text21       001D08
__ptext22                           text22       002008
__ptext23                           text23       001FBA
__ptext24                           text24       001794
__ptext25                           text25       001E0C
__ptext26                           text26       0019F6
__ptext27                           text27       00204E
__ptext28                           text28       00205A
__ptext3                            text3        0012E6
__ptext4                            text4        0014B8
__ptext5                            text5        001C24
__ptext6                            text6        00202C
__ptext7                            text7        001F5A
__ptext8                            text8        001B24
__ptext9                            text9        002072
__ramtop                            ramtop       001000
__size_of_CCP1_Capture_Init_Default (abs)        000000
__size_of_CCP2_Capture_Init_Default (abs)        000000
__size_of_LCD_Init_ECE376           (abs)        000000
__size_of_LCD_clear_display         (abs)        000000
__size_of_LCD_enable_toggle         (abs)        000000
__size_of_LCD_set_cursor_position   (abs)        000000
__size_of_LCD_write_data_byte_4bit  (abs)        000000
__size_of_LCD_write_instr_byte_4bit (abs)        000000
__size_of_LCD_write_instr_byte_8bit (abs)        000000
__size_of_Timer1_Init_Default       (abs)        000000
__size_of___lldiv                   (abs)        000000
__size_of___llmod                   (abs)        000000
__size_of___lodiv                   (abs)        000000
__size_of___lomod                   (abs)        000000
__size_of___lwdiv                   (abs)        000000
__size_of___wmul                    (abs)        000000
__size_of_atoi                      (abs)        000000
__size_of_fputc                     (abs)        000000
__size_of_fputs                     (abs)        000000
__size_of_isdigit                   (abs)        000000
__size_of_isr                       (abs)        000000
__size_of_isspace                   (abs)        000000
__size_of_main                      (abs)        000000
__size_of_pad                       (abs)        000000
__size_of_putch                     (abs)        000000
__size_of_sprintf                   (abs)        000000
__size_of_strlen                    (abs)        000000
__size_of_utoa                      (abs)        000000
__size_of_vfpfcnvrt                 (abs)        000000
__size_of_vfprintf                  (abs)        000000
__smallconst                        smallconst   001000
_address_counter                    bssBANK0     00009A
_atoi                               text12       001658
_atoi$1239                          cstackCOMRAM 000010
_atoi$1240                          cstackCOMRAM 000014
_atoi$1241                          cstackCOMRAM 000012
_current_disp_ctrl                  dataCOMRAM   00007E
_current_entry_mode                 dataCOMRAM   00007C
_current_func_set                   dataCOMRAM   00007B
_dbuf                               bssBANK0     00009B
_elapsed_time                       bssCOMRAM    00006C
_flags                              bssCOMRAM    000074
_fputc                              text8        001B24
_fputs                              text7        001F5A
_game_done_flag                     bssCOMRAM    000076
_init_complete                      bssCOMRAM    000078
_init_msg                           smallconst   001001
_isdigit                            text14       001F8A
_isr                                intcode      000008
_isspace                            text13       001EE6
_isspace$1257                       cstackCOMRAM 000007
_main                               text0        001036
_main$1538                          cstackCOMRAM 000060
_nout                               bssBANK0     000092
_num_of_ms                          bssBANK0     000096
_num_of_seconds                     bssBANK0     000098
_num_of_us                          bssBANK0     000094
_pad                                text5        001C24
_prec                               bssCOMRAM    000072
_putch                              text9        002072
_reaction_time                      bssCOMRAM    000068
_result_msg                         bssBANK0     0000BB
_result_msg_title                   smallconst   00101B
_sprintf                            text1        001F24
_start_game_msg                     smallconst   00100F
_strlen                             text6        00202C
_time1                              bssBANK0     00008E
_time2                              bssBANK0     00008A
_utoa                               text4        0014B8
_vfpfcnvrt                          text3        0012E6
_vfpfcnvrt$1221                     cstackCOMRAM 000048
_vfprintf                           text2        001EA0
_width                              bssCOMRAM    000070
atoi@n                              cstackCOMRAM 000015
atoi@neg                            cstackCOMRAM 00000E
atoi@s                              cstackCOMRAM 000008
btemp                               temp         00007F
end_of_initialization               cinit        001E92
fputc@c                             cstackCOMRAM 000001
fputc@fp                            cstackCOMRAM 000003
fputs@c                             cstackCOMRAM 00000B
fputs@fp                            cstackCOMRAM 00000A
fputs@i                             cstackCOMRAM 00000C
fputs@s                             cstackCOMRAM 000009
int$flags                           temp         00007F
int_func                            intcode_body 001BA4
intlevel0                           text         000000
intlevel1                           text         000000
intlevel2                           text         000000
intlevel3                           text         000000
isdigit@c                           cstackCOMRAM 000001
isspace@c                           cstackCOMRAM 000001
main@i                              cstackCOMRAM 000064
main@i_681                          cstackCOMRAM 000065
main@i_683                          cstackCOMRAM 000066
main@i_684                          cstackCOMRAM 000067
pad@buf                             cstackCOMRAM 00000F
pad@fp                              cstackCOMRAM 00000E
pad@i                               cstackCOMRAM 000013
pad@p                               cstackCOMRAM 000010
pad@w                               cstackCOMRAM 000015
sprintf@ap                          cstackCOMRAM 000058
sprintf@f                           cstackCOMRAM 000059
sprintf@fmt                         cstackCOMRAM 00004F
sprintf@s                           cstackCOMRAM 00004E
stackhi                             (abs)        000F7F
stacklo                             (abs)        0000D5
start                               init         00000E
start_initialization                cinit        001E5A
strlen@a                            cstackCOMRAM 000003
strlen@s                            cstackCOMRAM 000001
ttemp5                              temp         000080
ttemp6                              temp         000083
ttemp7                              temp         000087
utoa@d                              cstackCOMRAM 00001B
utoa@fp                             cstackCOMRAM 00001A
utoa@i                              cstackCOMRAM 000037
utoa@n                              cstackCOMRAM 00002F
utoa@p                              cstackCOMRAM 00002B
utoa@w                              cstackCOMRAM 00002D
vfpfcnvrt@ap                        cstackCOMRAM 00003B
vfpfcnvrt@fmt                       cstackCOMRAM 00003A
vfpfcnvrt@fp                        cstackCOMRAM 000039
vfpfcnvrt@llu                       cstackCOMRAM 000040
vfprintf@ap                         cstackCOMRAM 00004C
vfprintf@cfmt                       cstackCOMRAM 00004D
vfprintf@fmt                        cstackCOMRAM 00004B
vfprintf@fp                         cstackCOMRAM 00004A
wtemp8                              temp         000080


FUNCTION INFORMATION:

 *************** function _main *****************
 Defined at:
		line 203 in file "ece376_hw9_ccp_capt.c"
 Parameters:    Size  Location     Type
		None
 Auto vars:     Size  Location     Type
  i               1  102[COMRAM] unsigned char 
  i               1  101[COMRAM] unsigned char 
  i               1  100[COMRAM] unsigned char 
  i               1   99[COMRAM] unsigned char 
 Return value:  Size  Location     Type
                  1    wreg      void 
 Registers used:
		wreg, fsr1l, fsr1h, fsr2l, fsr2h, status,2, status,0, tblptrl, tblptrh, tblptru, prodl, prodh, cstack
 Tracked objects:
		On entry : 
		On exit  : 
		Unchanged: 
 Data sizes:     COMRAM   BANK0   BANK1   BANK2   BANK3   BANK4   BANK5   BANK6   BANK7   BANK8   BANK9  BANK10  BANK11  BANK12  BANK13  BANK14  BANK15
      Params:         0       0       0       0       0       0       0       0       0       0       0       0       0       0       0       0       0
      Locals:         8       0       0       0       0       0       0       0       0       0       0       0       0       0       0       0       0
      Temps:          2       0       0       0       0       0       0       0       0       0       0       0       0       0       0       0       0
      Totals:        10       0       0       0       0       0       0       0       0       0       0       0       0       0       0       0       0
Total ram usage:       10 bytes
 Hardware stack levels required when called:    9
 This function calls:
		_CCP1_Capture_Init_Default
		_CCP2_Capture_Init_Default
		_LCD_Init_ECE376
		_LCD_clear_display
		_LCD_set_cursor_position
		_LCD_write_data_byte_4bit
		_Timer1_Init_Default
		___lldiv
		___llmod
		___lwdiv
		_sprintf
 This function is called by:
		Startup code after reset
 This function uses a non-reentrant model


 *************** function _sprintf *****************
 Defined at:
		line 9 in file "C:\Program Files\Microchip\xc8\v2.31\pic\sources\c99\common\nf_sprintf.c"
 Parameters:    Size  Location     Type
  s               1   77[COMRAM] PTR unsigned char 
		 -> result_msg(17), 
  fmt             1   78[COMRAM] PTR const unsigned char 
		 -> STR_1(17), 
 Auto vars:     Size  Location     Type
  f               5   88[COMRAM] struct _IO_FILE
  ret             2    0        int 
  ap              1   87[COMRAM] PTR void [1]
		 -> ?_sprintf(2), 
 Return value:  Size  Location     Type
                  2   77[COMRAM] int 
 Registers used:
		wreg, fsr1l, fsr1h, fsr2l, fsr2h, status,2, status,0, tblptrl, tblptrh, tblptru, prodl, prodh, cstack
 Tracked objects:
		On entry : 
		On exit  : 
		Unchanged: 
 Data sizes:     COMRAM   BANK0   BANK1   BANK2   BANK3   BANK4   BANK5   BANK6   BANK7   BANK8   BANK9  BANK10  BANK11  BANK12  BANK13  BANK14  BANK15
      Params:         8       0       0       0       0       0       0       0       0       0       0       0       0       0       0       0       0
      Locals:         8       0       0       0       0       0       0       0       0       0       0       0       0       0       0       0       0
      Temps:          0       0       0       0       0       0       0       0       0       0       0       0       0       0       0       0       0
      Totals:        16       0       0       0       0       0       0       0       0       0       0       0       0       0       0       0       0
Total ram usage:       16 bytes
 Hardware stack levels used:    1
 Hardware stack levels required when called:    8
 This function calls:
		_vfprintf
 This function is called by:
		_main
 This function uses a non-reentrant model


 *************** function _vfprintf *****************
 Defined at:
		line 1390 in file "C:\Program Files\Microchip\xc8\v2.31\pic\sources\c99\common\doprnt.c"
 Parameters:    Size  Location     Type
  fp              1   73[COMRAM] PTR struct _IO_FILE
		 -> sprintf@f(5), 
  fmt             1   74[COMRAM] PTR const unsigned char 
		 -> STR_1(17), 
  ap              1   75[COMRAM] PTR PTR void 
		 -> sprintf@ap(1), 
 Auto vars:     Size  Location     Type
  cfmt            1   76[COMRAM] PTR unsigned char 
		 -> STR_1(17), 
 Return value:  Size  Location     Type
                  2   73[COMRAM] int 
 Registers used:
		wreg, fsr1l, fsr1h, fsr2l, fsr2h, status,2, status,0, tblptrl, tblptrh, tblptru, prodl, prodh, cstack
 Tracked objects:
		On entry : 
		On exit  : 
		Unchanged: 
 Data sizes:     COMRAM   BANK0   BANK1   BANK2   BANK3   BANK4   BANK5   BANK6   BANK7   BANK8   BANK9  BANK10  BANK11  BANK12  BANK13  BANK14  BANK15
      Params:         3       0       0       0       0       0       0       0       0       0       0       0       0       0       0       0       0
      Locals:         1       0       0       0       0       0       0       0       0       0       0       0       0       0       0       0       0
      Temps:          0       0       0       0       0       0       0       0       0       0       0       0       0       0       0       0       0
      Totals:         4       0       0       0       0       0       0       0       0       0       0       0       0       0       0       0       0
Total ram usage:        4 bytes
 Hardware stack levels used:    1
 Hardware stack levels required when called:    7
 This function calls:
		_vfpfcnvrt
 This function is called by:
		_sprintf
 This function uses a non-reentrant model


 *************** function _vfpfcnvrt *****************
 Defined at:
		line 692 in file "C:\Program Files\Microchip\xc8\v2.31\pic\sources\c99\common\doprnt.c"
 Parameters:    Size  Location     Type
  fp              1   56[COMRAM] PTR struct _IO_FILE
		 -> sprintf@f(5), 
  fmt             1   57[COMRAM] PTR PTR unsigned char 
		 -> vfprintf@cfmt(1), 
  ap              1   58[COMRAM] PTR PTR void 
		 -> sprintf@ap(1), 
 Auto vars:     Size  Location     Type
  llu             8   63[COMRAM] unsigned long long 
  ll              8    0        long long 
  f               4    0        long long 
  vp              3    0        PTR void 
  ct              3    0        unsigned char [3]
  cp              3    0        PTR unsigned char 
  i               2    0        int 
  done            2    0        int 
  c               1    0        unsigned char 
 Return value:  Size  Location     Type
                  2   56[COMRAM] int 
 Registers used:
		wreg, fsr1l, fsr1h, fsr2l, fsr2h, status,2, status,0, tblptrl, tblptrh, tblptru, prodl, prodh, cstack
 Tracked objects:
		On entry : 
		On exit  : 
		Unchanged: 
 Data sizes:     COMRAM   BANK0   BANK1   BANK2   BANK3   BANK4   BANK5   BANK6   BANK7   BANK8   BANK9  BANK10  BANK11  BANK12  BANK13  BANK14  BANK15
      Params:         3       0       0       0       0       0       0       0       0       0       0       0       0       0       0       0       0
      Locals:        10       0       0       0       0       0       0       0       0       0       0       0       0       0       0       0       0
      Temps:          4       0       0       0       0       0       0       0       0       0       0       0       0       0       0       0       0
      Totals:        17       0       0       0       0       0       0       0       0       0       0       0       0       0       0       0       0
Total ram usage:       17 bytes
 Hardware stack levels used:    1
 Hardware stack levels required when called:    6
 This function calls:
		_atoi
		_fputc
		_isdigit
		_utoa
 This function is called by:
		_vfprintf
 This function uses a non-reentrant model


 *************** function _utoa *****************
 Defined at:
		line 615 in file "C:\Program Files\Microchip\xc8\v2.31\pic\sources\c99\common\doprnt.c"
 Parameters:    Size  Location     Type
  fp              1   25[COMRAM] PTR struct _IO_FILE
		 -> sprintf@f(5), 
  d               8   26[COMRAM] unsigned long long 
 Auto vars:     Size  Location     Type
  n               8   46[COMRAM] unsigned long long 
  i               2   54[COMRAM] int 
  w               2   44[COMRAM] int 
  p               2   42[COMRAM] int 
 Return value:  Size  Location     Type
                  2   25[COMRAM] int 
 Registers used:
		wreg, fsr1l, fsr1h, fsr2l, fsr2h, status,2, status,0, cstack
 Tracked objects:
		On entry : 
		On exit  : 
		Unchanged: 
 Data sizes:     COMRAM   BANK0   BANK1   BANK2   BANK3   BANK4   BANK5   BANK6   BANK7   BANK8   BANK9  BANK10  BANK11  BANK12  BANK13  BANK14  BANK15
      Params:         9       0       0       0       0       0       0       0       0       0       0       0       0       0       0       0       0
      Locals:        14       0       0       0       0       0       0       0       0       0       0       0       0       0       0       0       0
      Temps:          8       0       0       0       0       0       0       0       0       0       0       0       0       0       0       0       0
      Totals:        31       0       0       0       0       0       0       0       0       0       0       0       0       0       0       0       0
Total ram usage:       31 bytes
 Hardware stack levels used:    1
 Hardware stack levels required when called:    5
 This function calls:
		___lodiv
		___lomod
		_pad
 This function is called by:
		_vfpfcnvrt
 This function uses a non-reentrant model


 *************** function _pad *****************
 Defined at:
		line 72 in file "C:\Program Files\Microchip\xc8\v2.31\pic\sources\c99\common\doprnt.c"
 Parameters:    Size  Location     Type
  fp              1   13[COMRAM] PTR struct _IO_FILE
		 -> sprintf@f(5), 
  buf             1   14[COMRAM] PTR unsigned char 
		 -> dbuf(32), 
  p               2   15[COMRAM] int 
 Auto vars:     Size  Location     Type
  w               2   20[COMRAM] int 
  i               2   18[COMRAM] int 
 Return value:  Size  Location     Type
                  2   13[COMRAM] int 
 Registers used:
		wreg, fsr1l, fsr1h, fsr2l, fsr2h, status,2, status,0, cstack
 Tracked objects:
		On entry : 
		On exit  : 
		Unchanged: 
 Data sizes:     COMRAM   BANK0   BANK1   BANK2   BANK3   BANK4   BANK5   BANK6   BANK7   BANK8   BANK9  BANK10  BANK11  BANK12  BANK13  BANK14  BANK15
      Params:         4       0       0       0       0       0       0       0       0       0       0       0       0       0       0       0       0
      Locals:         4       0       0       0       0       0       0       0       0       0       0       0       0       0       0       0       0
      Temps:          1       0       0       0       0       0       0       0       0       0       0       0       0       0       0       0       0
      Totals:         9       0       0       0       0       0       0       0       0       0       0       0       0       0       0       0       0
Total ram usage:        9 bytes
 Hardware stack levels used:    1
 Hardware stack levels required when called:    4
 This function calls:
		_fputc
		_fputs
		_strlen
 This function is called by:
		_utoa
 This function uses a non-reentrant model


 *************** function _strlen *****************
 Defined at:
		line 5 in file "C:\Program Files\Microchip\xc8\v2.31\pic\sources\c99\common\strlen.c"
 Parameters:    Size  Location     Type
  s               1    0[COMRAM] PTR const unsigned char 
		 -> dbuf(32), 
 Auto vars:     Size  Location     Type
  a               1    2[COMRAM] PTR const unsigned char 
		 -> dbuf(32), 
 Return value:  Size  Location     Type
                  2    0[COMRAM] unsigned int 
 Registers used:
		wreg, fsr2l, fsr2h, status,2, status,0
 Tracked objects:
		On entry : 
		On exit  : 
		Unchanged: 
 Data sizes:     COMRAM   BANK0   BANK1   BANK2   BANK3   BANK4   BANK5   BANK6   BANK7   BANK8   BANK9  BANK10  BANK11  BANK12  BANK13  BANK14  BANK15
      Params:         2       0       0       0       0       0       0       0       0       0       0       0       0       0       0       0       0
      Locals:         1       0       0       0       0       0       0       0       0       0       0       0       0       0       0       0       0
      Temps:          0       0       0       0       0       0       0       0       0       0       0       0       0       0       0       0       0
      Totals:         3       0       0       0       0       0       0       0       0       0       0       0       0       0       0       0       0
Total ram usage:        3 bytes
 Hardware stack levels used:    1
 Hardware stack levels required when called:    1
 This function calls:
		Nothing
 This function is called by:
		_pad
 This function uses a non-reentrant model


 *************** function _fputs *****************
 Defined at:
		line 8 in file "C:\Program Files\Microchip\xc8\v2.31\pic\sources\c99\common\nf_fputs.c"
 Parameters:    Size  Location     Type
  s               1    8[COMRAM] PTR const unsigned char 
		 -> dbuf(32), 
  fp              1    9[COMRAM] PTR struct _IO_FILE
		 -> sprintf@f(5), 
 Auto vars:     Size  Location     Type
  i               2   11[COMRAM] int 
  c               1   10[COMRAM] unsigned char 
 Return value:  Size  Location     Type
                  2    8[COMRAM] int 
 Registers used:
		wreg, fsr1l, fsr1h, fsr2l, fsr2h, status,2, status,0, cstack
 Tracked objects:
		On entry : 
		On exit  : 
		Unchanged: 
 Data sizes:     COMRAM   BANK0   BANK1   BANK2   BANK3   BANK4   BANK5   BANK6   BANK7   BANK8   BANK9  BANK10  BANK11  BANK12  BANK13  BANK14  BANK15
      Params:         2       0       0       0       0       0       0       0       0       0       0       0       0       0       0       0       0
      Locals:         3       0       0       0       0       0       0       0       0       0       0       0       0       0       0       0       0
      Temps:          0       0       0       0       0       0       0       0       0       0       0       0       0       0       0       0       0
      Totals:         5       0       0       0       0       0       0       0       0       0       0       0       0       0       0       0       0
Total ram usage:        5 bytes
 Hardware stack levels used:    1
 Hardware stack levels required when called:    3
 This function calls:
		_fputc
 This function is called by:
		_pad
 This function uses a non-reentrant model


 *************** function _fputc *****************
 Defined at:
		line 8 in file "C:\Program Files\Microchip\xc8\v2.31\pic\sources\c99\common\nf_fputc.c"
 Parameters:    Size  Location     Type
  c               2    0[COMRAM] int 
  fp              1    2[COMRAM] PTR struct _IO_FILE
		 -> sprintf@f(5), 
 Auto vars:     Size  Location     Type
		None
 Return value:  Size  Location     Type
                  2    0[COMRAM] int 
 Registers used:
		wreg, fsr1l, fsr1h, fsr2l, fsr2h, status,2, status,0, cstack
 Tracked objects:
		On entry : 
		On exit  : 
		Unchanged: 
 Data sizes:     COMRAM   BANK0   BANK1   BANK2   BANK3   BANK4   BANK5   BANK6   BANK7   BANK8   BANK9  BANK10  BANK11  BANK12  BANK13  BANK14  BANK15
      Params:         3       0       0       0       0       0       0       0       0       0       0       0       0       0       0       0       0
      Locals:         0       0       0       0       0       0       0       0       0       0       0       0       0       0       0       0       0
      Temps:          5       0       0       0       0       0       0       0       0       0       0       0       0       0       0       0       0
      Totals:         8       0       0       0       0       0       0       0       0       0       0       0       0       0       0       0       0
Total ram usage:        8 bytes
 Hardware stack levels used:    1
 Hardware stack levels required when called:    2
 This function calls:
		_putch
 This function is called by:
		_pad
		_vfpfcnvrt
		_fputs
 This function uses a non-reentrant model


 *************** function _putch *****************
 Defined at:
		line 7 in file "C:\Program Files\Microchip\xc8\v2.31\pic\sources\c99\common\putch.c"
 Parameters:    Size  Location     Type
  c               1    wreg     unsigned char 
 Auto vars:     Size  Location     Type
  c               1    0[COMRAM] unsigned char 
 Return value:  Size  Location     Type
                  1    wreg      void 
 Registers used:
		wreg
 Tracked objects:
		On entry : 
		On exit  : 
		Unchanged: 
 Data sizes:     COMRAM   BANK0   BANK1   BANK2   BANK3   BANK4   BANK5   BANK6   BANK7   BANK8   BANK9  BANK10  BANK11  BANK12  BANK13  BANK14  BANK15
      Params:         0       0       0       0       0       0       0       0       0       0       0       0       0       0       0       0       0
      Locals:         0       0       0       0       0       0       0       0       0       0       0       0       0       0       0       0       0
      Temps:          0       0       0       0       0       0       0       0       0       0       0       0       0       0       0       0       0
      Totals:         0       0       0       0       0       0       0       0       0       0       0       0       0       0       0       0       0
Total ram usage:        0 bytes
 Hardware stack levels used:    1
 Hardware stack levels required when called:    1
 This function calls:
		Nothing
 This function is called by:
		_fputc
 This function uses a non-reentrant model


 *************** function ___lomod *****************
 Defined at:
		line 9 in file "C:\Program Files\Microchip\xc8\v2.31\pic\sources\c99\common\lomod.c"
 Parameters:    Size  Location     Type
  dividend        8    0[COMRAM] unsigned long long 
  divisor         8    8[COMRAM] unsigned long long 
 Auto vars:     Size  Location     Type
  counter         1   16[COMRAM] unsigned char 
 Return value:  Size  Location     Type
                  8    0[COMRAM] unsigned long long 
 Registers used:
		wreg, status,2, status,0
 Tracked objects:
		On entry : 
		On exit  : 
		Unchanged: 
 Data sizes:     COMRAM   BANK0   BANK1   BANK2   BANK3   BANK4   BANK5   BANK6   BANK7   BANK8   BANK9  BANK10  BANK11  BANK12  BANK13  BANK14  BANK15
      Params:        16       0       0       0       0       0       0       0       0       0       0       0       0       0       0       0       0
      Locals:         1       0       0       0       0       0       0       0       0       0       0       0       0       0       0       0       0
      Temps:          0       0       0       0       0       0       0       0       0       0       0       0       0       0       0       0       0
      Totals:        17       0       0       0       0       0       0       0       0       0       0       0       0       0       0       0       0
Total ram usage:       17 bytes
 Hardware stack levels used:    1
 Hardware stack levels required when called:    1
 This function calls:
		Nothing
 This function is called by:
		_utoa
 This function uses a non-reentrant model


 *************** function ___lodiv *****************
 Defined at:
		line 9 in file "C:\Program Files\Microchip\xc8\v2.31\pic\sources\c99\common\lodiv.c"
 Parameters:    Size  Location     Type
  dividend        8    0[COMRAM] unsigned long long 
  divisor         8    8[COMRAM] unsigned long long 
 Auto vars:     Size  Location     Type
  quotient        8   16[COMRAM] unsigned long long 
  counter         1   24[COMRAM] unsigned char 
 Return value:  Size  Location     Type
                  8    0[COMRAM] unsigned long long 
 Registers used:
		wreg, fsr2l, fsr2h, status,2, status,0
 Tracked objects:
		On entry : 
		On exit  : 
		Unchanged: 
 Data sizes:     COMRAM   BANK0   BANK1   BANK2   BANK3   BANK4   BANK5   BANK6   BANK7   BANK8   BANK9  BANK10  BANK11  BANK12  BANK13  BANK14  BANK15
      Params:        16       0       0       0       0       0       0       0       0       0       0       0       0       0       0       0       0
      Locals:         9       0       0       0       0       0       0       0       0       0       0       0       0       0       0       0       0
      Temps:          0       0       0       0       0       0       0       0       0       0       0       0       0       0       0       0       0
      Totals:        25       0       0       0       0       0       0       0       0       0       0       0       0       0       0       0       0
Total ram usage:       25 bytes
 Hardware stack levels used:    1
 Hardware stack levels required when called:    1
 This function calls:
		Nothing
 This function is called by:
		_utoa
 This function uses a non-reentrant model


 *************** function _atoi *****************
 Defined at:
		line 4 in file "C:\Program Files\Microchip\xc8\v2.31\pic\sources\c99\common\atoi.c"
 Parameters:    Size  Location     Type
  s               1    7[COMRAM] PTR const unsigned char 
		 -> STR_1(17), 
 Auto vars:     Size  Location     Type
  n               2   20[COMRAM] int 
  neg             2   13[COMRAM] int 
 Return value:  Size  Location     Type
                  2    7[COMRAM] int 
 Registers used:
		wreg, status,2, status,0, tblptrl, tblptrh, tblptru, prodl, prodh, cstack
 Tracked objects:
		On entry : 
		On exit  : 
		Unchanged: 
 Data sizes:     COMRAM   BANK0   BANK1   BANK2   BANK3   BANK4   BANK5   BANK6   BANK7   BANK8   BANK9  BANK10  BANK11  BANK12  BANK13  BANK14  BANK15
      Params:         2       0       0       0       0       0       0       0       0       0       0       0       0       0       0       0       0
      Locals:         9       0       0       0       0       0       0       0       0       0       0       0       0       0       0       0       0
      Temps:          4       0       0       0       0       0       0       0       0       0       0       0       0       0       0       0       0
      Totals:        15       0       0       0       0       0       0       0       0       0       0       0       0       0       0       0       0
Total ram usage:       15 bytes
 Hardware stack levels used:    1
 Hardware stack levels required when called:    2
 This function calls:
		___wmul
		_isdigit
		_isspace
 This function is called by:
		_vfpfcnvrt
 This function uses a non-reentrant model


 *************** function _isspace *****************
 Defined at:
		line 5 in file "C:\Program Files\Microchip\xc8\v2.31\pic\sources\c99\common\isspace.c"
 Parameters:    Size  Location     Type
  c               2    0[COMRAM] int 
 Auto vars:     Size  Location     Type
		None
 Return value:  Size  Location     Type
                  2    0[COMRAM] int 
 Registers used:
		wreg, status,2, status,0
 Tracked objects:
		On entry : 
		On exit  : 
		Unchanged: 
 Data sizes:     COMRAM   BANK0   BANK1   BANK2   BANK3   BANK4   BANK5   BANK6   BANK7   BANK8   BANK9  BANK10  BANK11  BANK12  BANK13  BANK14  BANK15
      Params:         2       0       0       0       0       0       0       0       0       0       0       0       0       0       0       0       0
      Locals:         1       0       0       0       0       0       0       0       0       0       0       0       0       0       0       0       0
      Temps:          4       0       0       0       0       0       0       0       0       0       0       0       0       0       0       0       0
      Totals:         7       0       0       0       0       0       0       0       0       0       0       0       0       0       0       0       0
Total ram usage:        7 bytes
 Hardware stack levels used:    1
 Hardware stack levels required when called:    1
 This function calls:
		Nothing
 This function is called by:
		_atoi
 This function uses a non-reentrant model


 *************** function _isdigit *****************
 Defined at:
		line 5 in file "C:\Program Files\Microchip\xc8\v2.31\pic\sources\c99\common\isdigit.c"
 Parameters:    Size  Location     Type
  c               2    0[COMRAM] int 
 Auto vars:     Size  Location     Type
		None
 Return value:  Size  Location     Type
                  2    0[COMRAM] int 
 Registers used:
		wreg, status,2, status,0
 Tracked objects:
		On entry : 
		On exit  : 
		Unchanged: 
 Data sizes:     COMRAM   BANK0   BANK1   BANK2   BANK3   BANK4   BANK5   BANK6   BANK7   BANK8   BANK9  BANK10  BANK11  BANK12  BANK13  BANK14  BANK15
      Params:         2       0       0       0       0       0       0       0       0       0       0       0       0       0       0       0       0
      Locals:         0       0       0       0       0       0       0       0       0       0       0       0       0       0       0       0       0
      Temps:          4       0       0       0       0       0       0       0       0       0       0       0       0       0       0       0       0
      Totals:         6       0       0       0       0       0       0       0       0       0       0       0       0       0       0       0       0
Total ram usage:        6 bytes
 Hardware stack levels used:    1
 Hardware stack levels required when called:    1
 This function calls:
		Nothing
 This function is called by:
		_vfpfcnvrt
		_atoi
 This function uses a non-reentrant model


 *************** function ___wmul *****************
 Defined at:
		line 15 in file "C:\Program Files\Microchip\xc8\v2.31\pic\sources\c99\common\Umul16.c"
 Parameters:    Size  Location     Type
  multiplier      2    0[COMRAM] unsigned int 
  multiplicand    2    2[COMRAM] unsigned int 
 Auto vars:     Size  Location     Type
  product         2    4[COMRAM] unsigned int 
 Return value:  Size  Location     Type
                  2    0[COMRAM] unsigned int 
 Registers used:
		wreg, status,2, status,0, prodl, prodh
 Tracked objects:
		On entry : 
		On exit  : 
		Unchanged: 
 Data sizes:     COMRAM   BANK0   BANK1   BANK2   BANK3   BANK4   BANK5   BANK6   BANK7   BANK8   BANK9  BANK10  BANK11  BANK12  BANK13  BANK14  BANK15
      Params:         4       0       0       0       0       0       0       0       0       0       0       0       0       0       0       0       0
      Locals:         2       0       0       0       0       0       0       0       0       0       0       0       0       0       0       0       0
      Temps:          0       0       0       0       0       0       0       0       0       0       0       0       0       0       0       0       0
      Totals:         6       0       0       0       0       0       0       0       0       0       0       0       0       0       0       0       0
Total ram usage:        6 bytes
 Hardware stack levels used:    1
 Hardware stack levels required when called:    1
 This function calls:
		Nothing
 This function is called by:
		_atoi
 This function uses a non-reentrant model


 *************** function ___lwdiv *****************
 Defined at:
		line 7 in file "C:\Program Files\Microchip\xc8\v2.31\pic\sources\c99\common\lwdiv.c"
 Parameters:    Size  Location     Type
  dividend        2    9[COMRAM] unsigned int 
  divisor         2   11[COMRAM] unsigned int 
 Auto vars:     Size  Location     Type
  quotient        2   13[COMRAM] unsigned int 
  counter         1   15[COMRAM] unsigned char 
 Return value:  Size  Location     Type
                  2    9[COMRAM] unsigned int 
 Registers used:
		wreg, status,2, status,0
 Tracked objects:
		On entry : 
		On exit  : 
		Unchanged: 
 Data sizes:     COMRAM   BANK0   BANK1   BANK2   BANK3   BANK4   BANK5   BANK6   BANK7   BANK8   BANK9  BANK10  BANK11  BANK12  BANK13  BANK14  BANK15
      Params:         4       0       0       0       0       0       0       0       0       0       0       0       0       0       0       0       0
      Locals:         3       0       0       0       0       0       0       0       0       0       0       0       0       0       0       0       0
      Temps:          0       0       0       0       0       0       0       0       0       0       0       0       0       0       0       0       0
      Totals:         7       0       0       0       0       0       0       0       0       0       0       0       0       0       0       0       0
Total ram usage:        7 bytes
 Hardware stack levels used:    1
 Hardware stack levels required when called:    1
 This function calls:
		Nothing
 This function is called by:
		_main
 This function uses a non-reentrant model


 *************** function ___llmod *****************
 Defined at:
		line 7 in file "C:\Program Files\Microchip\xc8\v2.31\pic\sources\c99\common\llmod.c"
 Parameters:    Size  Location     Type
  dividend        4    0[COMRAM] unsigned long 
  divisor         4    4[COMRAM] unsigned long 
 Auto vars:     Size  Location     Type
  counter         1    8[COMRAM] unsigned char 
 Return value:  Size  Location     Type
                  4    0[COMRAM] unsigned long 
 Registers used:
		wreg, status,2, status,0
 Tracked objects:
		On entry : 
		On exit  : 
		Unchanged: 
 Data sizes:     COMRAM   BANK0   BANK1   BANK2   BANK3   BANK4   BANK5   BANK6   BANK7   BANK8   BANK9  BANK10  BANK11  BANK12  BANK13  BANK14  BANK15
      Params:         8       0       0       0       0       0       0       0       0       0       0       0       0       0       0       0       0
      Locals:         1       0       0       0       0       0       0       0       0       0       0       0       0       0       0       0       0
      Temps:          0       0       0       0       0       0       0       0       0       0       0       0       0       0       0       0       0
      Totals:         9       0       0       0       0       0       0       0       0       0       0       0       0       0       0       0       0
Total ram usage:        9 bytes
 Hardware stack levels used:    1
 Hardware stack levels required when called:    1
 This function calls:
		Nothing
 This function is called by:
		_main
 This function uses a non-reentrant model


 *************** function ___lldiv *****************
 Defined at:
		line 7 in file "C:\Program Files\Microchip\xc8\v2.31\pic\sources\c99\common\__lldiv.c"
 Parameters:    Size  Location     Type
  dividend        4    9[COMRAM] unsigned long 
  divisor         4   13[COMRAM] unsigned long 
 Auto vars:     Size  Location     Type
  quotient        4   17[COMRAM] unsigned long 
  counter         1   21[COMRAM] unsigned char 
 Return value:  Size  Location     Type
                  4    9[COMRAM] unsigned long 
 Registers used:
		wreg, status,2, status,0
 Tracked objects:
		On entry : 
		On exit  : 
		Unchanged: 
 Data sizes:     COMRAM   BANK0   BANK1   BANK2   BANK3   BANK4   BANK5   BANK6   BANK7   BANK8   BANK9  BANK10  BANK11  BANK12  BANK13  BANK14  BANK15
      Params:         8       0       0       0       0       0       0       0       0       0       0       0       0       0       0       0       0
      Locals:         5       0       0       0       0       0       0       0       0       0       0       0       0       0       0       0       0
      Temps:          0       0       0       0       0       0       0       0       0       0       0       0       0       0       0       0       0
      Totals:        13       0       0       0       0       0       0       0       0       0       0       0       0       0       0       0       0
Total ram usage:       13 bytes
 Hardware stack levels used:    1
 Hardware stack levels required when called:    1
 This function calls:
		Nothing
 This function is called by:
		_main
 This function uses a non-reentrant model


 *************** function _Timer1_Init_Default *****************
 Defined at:
		line 31 in file "src/timer.c"
 Parameters:    Size  Location     Type
		None
 Auto vars:     Size  Location     Type
		None
 Return value:  Size  Location     Type
                  1    wreg      void 
 Registers used:
		wreg, status,2
 Tracked objects:
		On entry : 
		On exit  : 
		Unchanged: 
 Data sizes:     COMRAM   BANK0   BANK1   BANK2   BANK3   BANK4   BANK5   BANK6   BANK7   BANK8   BANK9  BANK10  BANK11  BANK12  BANK13  BANK14  BANK15
      Params:         0       0       0       0       0       0       0       0       0       0       0       0       0       0       0       0       0
      Locals:         0       0       0       0       0       0       0       0       0       0       0       0       0       0       0       0       0
      Temps:          0       0       0       0       0       0       0       0       0       0       0       0       0       0       0       0       0
      Totals:         0       0       0       0       0       0       0       0       0       0       0       0       0       0       0       0       0
Total ram usage:        0 bytes
 Hardware stack levels used:    1
 Hardware stack levels required when called:    1
 This function calls:
		Nothing
 This function is called by:
		_main
 This function uses a non-reentrant model


 *************** function _LCD_write_data_byte_4bit *****************
 Defined at:
		line 126 in file "src/lcd_driver.c"
 Parameters:    Size  Location     Type
  data            1    wreg     unsigned char 
 Auto vars:     Size  Location     Type
  data            1    3[COMRAM] unsigned char 
 Return value:  Size  Location     Type
                  1    wreg      void 
 Registers used:
		wreg, status,2, status,0, cstack
 Tracked objects:
		On entry : 
		On exit  : 
		Unchanged: 
 Data sizes:     COMRAM   BANK0   BANK1   BANK2   BANK3   BANK4   BANK5   BANK6   BANK7   BANK8   BANK9  BANK10  BANK11  BANK12  BANK13  BANK14  BANK15
      Params:         0       0       0       0       0       0       0       0       0       0       0       0       0       0       0       0       0
      Locals:         1       0       0       0       0       0       0       0       0       0       0       0       0       0       0       0       0
      Temps:          1       0       0       0       0       0       0       0       0       0       0       0       0       0       0       0       0
      Totals:         2       0       0       0       0       0       0       0       0       0       0       0       0       0       0       0       0
Total ram usage:        2 bytes
 Hardware stack levels used:    1
 Hardware stack levels required when called:    2
 This function calls:
		_LCD_enable_toggle
 This function is called by:
		_main
 This function uses a non-reentrant model


 *************** function _LCD_set_cursor_position *****************
 Defined at:
		line 500 in file "src/lcd_driver.c"
 Parameters:    Size  Location     Type
  line            1    wreg     unsigned char 
  pos_on_line     1    4[COMRAM] unsigned char 
 Auto vars:     Size  Location     Type
  line            1    6[COMRAM] unsigned char 
  ddram_addr      1    5[COMRAM] unsigned char 
 Return value:  Size  Location     Type
                  1    wreg      unsigned char 
 Registers used:
		wreg, status,2, status,0, cstack
 Tracked objects:
		On entry : 
		On exit  : 
		Unchanged: 
 Data sizes:     COMRAM   BANK0   BANK1   BANK2   BANK3   BANK4   BANK5   BANK6   BANK7   BANK8   BANK9  BANK10  BANK11  BANK12  BANK13  BANK14  BANK15
      Params:         1       0       0       0       0       0       0       0       0       0       0       0       0       0       0       0       0
      Locals:         2       0       0       0       0       0       0       0       0       0       0       0       0       0       0       0       0
      Temps:          0       0       0       0       0       0       0       0       0       0       0       0       0       0       0       0       0
      Totals:         3       0       0       0       0       0       0       0       0       0       0       0       0       0       0       0       0
Total ram usage:        3 bytes
 Hardware stack levels used:    1
 Hardware stack levels required when called:    3
 This function calls:
		_LCD_write_instr_byte_4bit
		_LCD_write_instr_byte_8bit
 This function is called by:
		_main
 This function uses a non-reentrant model


 *************** function _LCD_clear_display *****************
 Defined at:
		line 427 in file "src/lcd_driver.c"
 Parameters:    Size  Location     Type
		None
 Auto vars:     Size  Location     Type
		None
 Return value:  Size  Location     Type
                  1    wreg      unsigned char 
 Registers used:
		wreg, status,2, status,0, cstack
 Tracked objects:
		On entry : 
		On exit  : 
		Unchanged: 
 Data sizes:     COMRAM   BANK0   BANK1   BANK2   BANK3   BANK4   BANK5   BANK6   BANK7   BANK8   BANK9  BANK10  BANK11  BANK12  BANK13  BANK14  BANK15
      Params:         0       0       0       0       0       0       0       0       0       0       0       0       0       0       0       0       0
      Locals:         0       0       0       0       0       0       0       0       0       0       0       0       0       0       0       0       0
      Temps:          1       0       0       0       0       0       0       0       0       0       0       0       0       0       0       0       0
      Totals:         1       0       0       0       0       0       0       0       0       0       0       0       0       0       0       0       0
Total ram usage:        1 bytes
 Hardware stack levels used:    1
 Hardware stack levels required when called:    3
 This function calls:
		_LCD_write_instr_byte_4bit
		_LCD_write_instr_byte_8bit
 This function is called by:
		_main
 This function uses a non-reentrant model


 *************** function _LCD_write_instr_byte_8bit *****************
 Defined at:
		line 200 in file "src/lcd_driver.c"
 Parameters:    Size  Location     Type
  instr           1    wreg     unsigned char 
 Auto vars:     Size  Location     Type
  instr           1    3[COMRAM] unsigned char 
 Return value:  Size  Location     Type
                  1    wreg      void 
 Registers used:
		wreg, status,2, status,0, cstack
 Tracked objects:
		On entry : 
		On exit  : 
		Unchanged: 
 Data sizes:     COMRAM   BANK0   BANK1   BANK2   BANK3   BANK4   BANK5   BANK6   BANK7   BANK8   BANK9  BANK10  BANK11  BANK12  BANK13  BANK14  BANK15
      Params:         0       0       0       0       0       0       0       0       0       0       0       0       0       0       0       0       0
      Locals:         1       0       0       0       0       0       0       0       0       0       0       0       0       0       0       0       0
      Temps:          1       0       0       0       0       0       0       0       0       0       0       0       0       0       0       0       0
      Totals:         2       0       0       0       0       0       0       0       0       0       0       0       0       0       0       0       0
Total ram usage:        2 bytes
 Hardware stack levels used:    1
 Hardware stack levels required when called:    2
 This function calls:
		_LCD_enable_toggle
 This function is called by:
		_LCD_clear_display
		_LCD_set_cursor_position
 This function uses a non-reentrant model


 *************** function _LCD_Init_ECE376 *****************
 Defined at:
		line 224 in file "src/lcd_driver.c"
 Parameters:    Size  Location     Type
		None
 Auto vars:     Size  Location     Type
		None
 Return value:  Size  Location     Type
                  1    wreg      void 
 Registers used:
		wreg, status,2, status,0, cstack
 Tracked objects:
		On entry : 
		On exit  : 
		Unchanged: 
 Data sizes:     COMRAM   BANK0   BANK1   BANK2   BANK3   BANK4   BANK5   BANK6   BANK7   BANK8   BANK9  BANK10  BANK11  BANK12  BANK13  BANK14  BANK15
      Params:         0       0       0       0       0       0       0       0       0       0       0       0       0       0       0       0       0
      Locals:         0       0       0       0       0       0       0       0       0       0       0       0       0       0       0       0       0
      Temps:          2       0       0       0       0       0       0       0       0       0       0       0       0       0       0       0       0
      Totals:         2       0       0       0       0       0       0       0       0       0       0       0       0       0       0       0       0
Total ram usage:        2 bytes
 Hardware stack levels used:    1
 Hardware stack levels required when called:    3
 This function calls:
		_LCD_write_instr_byte_4bit
 This function is called by:
		_main
 This function uses a non-reentrant model


 *************** function _LCD_write_instr_byte_4bit *****************
 Defined at:
		line 175 in file "src/lcd_driver.c"
 Parameters:    Size  Location     Type
  instr           1    wreg     unsigned char 
 Auto vars:     Size  Location     Type
  instr           1    3[COMRAM] unsigned char 
 Return value:  Size  Location     Type
                  1    wreg      void 
 Registers used:
		wreg, status,2, status,0, cstack
 Tracked objects:
		On entry : 
		On exit  : 
		Unchanged: 
 Data sizes:     COMRAM   BANK0   BANK1   BANK2   BANK3   BANK4   BANK5   BANK6   BANK7   BANK8   BANK9  BANK10  BANK11  BANK12  BANK13  BANK14  BANK15
      Params:         0       0       0       0       0       0       0       0       0       0       0       0       0       0       0       0       0
      Locals:         1       0       0       0       0       0       0       0       0       0       0       0       0       0       0       0       0
      Temps:          1       0       0       0       0       0       0       0       0       0       0       0       0       0       0       0       0
      Totals:         2       0       0       0       0       0       0       0       0       0       0       0       0       0       0       0       0
Total ram usage:        2 bytes
 Hardware stack levels used:    1
 Hardware stack levels required when called:    2
 This function calls:
		_LCD_enable_toggle
 This function is called by:
		_LCD_Init_ECE376
		_LCD_clear_display
		_LCD_set_cursor_position
 This function uses a non-reentrant model


 *************** function _LCD_enable_toggle *****************
 Defined at:
		line 45 in file "src/lcd_driver.c"
 Parameters:    Size  Location     Type
		None
 Auto vars:     Size  Location     Type
		None
 Return value:  Size  Location     Type
                  1    wreg      void 
 Registers used:
		wreg, status,2, status,0
 Tracked objects:
		On entry : 
		On exit  : 
		Unchanged: 
 Data sizes:     COMRAM   BANK0   BANK1   BANK2   BANK3   BANK4   BANK5   BANK6   BANK7   BANK8   BANK9  BANK10  BANK11  BANK12  BANK13  BANK14  BANK15
      Params:         0       0       0       0       0       0       0       0       0       0       0       0       0       0       0       0       0
      Locals:         0       0       0       0       0       0       0       0       0       0       0       0       0       0       0       0       0
      Temps:          2       0       0       0       0       0       0       0       0       0       0       0       0       0       0       0       0
      Totals:         2       0       0       0       0       0       0       0       0       0       0       0       0       0       0       0       0
Total ram usage:        2 bytes
 Hardware stack levels used:    1
 Hardware stack levels required when called:    1
 This function calls:
		Nothing
 This function is called by:
		_LCD_write_data_byte_4bit
		_LCD_write_instr_byte_4bit
		_LCD_write_instr_byte_8bit
 This function uses a non-reentrant model


 *************** function _CCP2_Capture_Init_Default *****************
 Defined at:
		line 71 in file "src/ccp.c"
 Parameters:    Size  Location     Type
		None
 Auto vars:     Size  Location     Type
		None
 Return value:  Size  Location     Type
                  1    wreg      void 
 Registers used:
		wreg, status,2, status,0
 Tracked objects:
		On entry : 
		On exit  : 
		Unchanged: 
 Data sizes:     COMRAM   BANK0   BANK1   BANK2   BANK3   BANK4   BANK5   BANK6   BANK7   BANK8   BANK9  BANK10  BANK11  BANK12  BANK13  BANK14  BANK15
      Params:         0       0       0       0       0       0       0       0       0       0       0       0       0       0       0       0       0
      Locals:         0       0       0       0       0       0       0       0       0       0       0       0       0       0       0       0       0
      Temps:          0       0       0       0       0       0       0       0       0       0       0       0       0       0       0       0       0
      Totals:         0       0       0       0       0       0       0       0       0       0       0       0       0       0       0       0       0
Total ram usage:        0 bytes
 Hardware stack levels used:    1
 Hardware stack levels required when called:    1
 This function calls:
		Nothing
 This function is called by:
		_main
 This function uses a non-reentrant model


 *************** function _CCP1_Capture_Init_Default *****************
 Defined at:
		line 66 in file "src/ccp.c"
 Parameters:    Size  Location     Type
		None
 Auto vars:     Size  Location     Type
		None
 Return value:  Size  Location     Type
                  1    wreg      void 
 Registers used:
		wreg, status,2, status,0
 Tracked objects:
		On entry : 
		On exit  : 
		Unchanged: 
 Data sizes:     COMRAM   BANK0   BANK1   BANK2   BANK3   BANK4   BANK5   BANK6   BANK7   BANK8   BANK9  BANK10  BANK11  BANK12  BANK13  BANK14  BANK15
      Params:         0       0       0       0       0       0       0       0       0       0       0       0       0       0       0       0       0
      Locals:         0       0       0       0       0       0       0       0       0       0       0       0       0       0       0       0       0
      Temps:          0       0       0       0       0       0       0       0       0       0       0       0       0       0       0       0       0
      Totals:         0       0       0       0       0       0       0       0       0       0       0       0       0       0       0       0       0
Total ram usage:        0 bytes
 Hardware stack levels used:    1
 Hardware stack levels required when called:    1
 This function calls:
		Nothing
 This function is called by:
		_main
 This function uses a non-reentrant model


 *************** function _isr *****************
 Defined at:
		line 160 in file "ece376_hw9_ccp_capt.c"
 Parameters:    Size  Location     Type
		None
 Auto vars:     Size  Location     Type
		None
 Return value:  Size  Location     Type
                  1    wreg      void 
 Registers used:
		wreg, status,2, status,0
 Tracked objects:
		On entry : 
		On exit  : 
		Unchanged: 
 Data sizes:     COMRAM   BANK0   BANK1   BANK2   BANK3   BANK4   BANK5   BANK6   BANK7   BANK8   BANK9  BANK10  BANK11  BANK12  BANK13  BANK14  BANK15
      Params:         0       0       0       0       0       0       0       0       0       0       0       0       0       0       0       0       0
      Locals:         0       0       0       0       0       0       0       0       0       0       0       0       0       0       0       0       0
      Temps:          0       0       0       0       0       0       0       0       0       0       0       0       0       0       0       0       0
      Totals:         0       0       0       0       0       0       0       0       0       0       0       0       0       0       0       0       0
Total ram usage:        0 bytes
 Hardware stack levels used:    1
 This function calls:
		Nothing
 This function is called by:
		Interrupt level 2
 This function uses a non-reentrant model



MODULE INFORMATION

Module		Function		Class		Link	Load	Size
src/ccp.c
		_CCP1_Capture_Init_Default		CODE           	205A	0000	12
		_CCP2_Capture_Init_Default		CODE           	204E	0000	12

src/ccp.c estimated size: 24

C:\Program Files\Microchip\xc8\v2.31\pic\sources\c99\common\isdigit.c
		_isdigit       		CODE           	1F8A	0000	48

C:\Program Files\Microchip\xc8\v2.31\pic\sources\c99\common\isdigit.c estimated size: 48

ece376_hw9_ccp_capt.c
		_main          		CODE           	1036	0000	688
		_isr           		CODE           	0008	0000	134

ece376_hw9_ccp_capt.c estimated size: 822

C:\Program Files\Microchip\xc8\v2.31\pic\sources\c99\common\putch.c
		_putch         		CODE           	2072	0000	2

C:\Program Files\Microchip\xc8\v2.31\pic\sources\c99\common\putch.c estimated size: 2

C:\Program Files\Microchip\xc8\v2.31\pic\sources\c99\common\nf_fputs.c
		_fputs         		CODE           	1F5A	0000	48

C:\Program Files\Microchip\xc8\v2.31\pic\sources\c99\common\nf_fputs.c estimated size: 48

C:\Program Files\Microchip\xc8\v2.31\pic\sources\c99\common\lomod.c
		___lomod       		CODE           	1948	0000	174

C:\Program Files\Microchip\xc8\v2.31\pic\sources\c99\common\lomod.c estimated size: 174

C:\Program Files\Microchip\xc8\v2.31\pic\sources\c99\common\atoi.c
		_atoi          		CODE           	1658	0000	316

C:\Program Files\Microchip\xc8\v2.31\pic\sources\c99\common\atoi.c estimated size: 316

C:\Program Files\Microchip\xc8\v2.31\pic\sources\c99\common\strlen.c
		_strlen        		CODE           	202C	0000	34

C:\Program Files\Microchip\xc8\v2.31\pic\sources\c99\common\strlen.c estimated size: 34

src/lcd_driver.c
		_LCD_Init_ECE376		CODE           	1794	0000	230
		_LCD_write_instr_byte_4bit		CODE           	1E0C	0000	78
		_LCD_clear_display		CODE           	2008	0000	36
		_LCD_enable_toggle		CODE           	19F6	0000	172
		_LCD_write_data_byte_4bit		CODE           	1DBE	0000	78
		_LCD_write_instr_byte_8bit		CODE           	1FBA	0000	40
		_LCD_set_cursor_position		CODE           	1D08	0000	100

src/lcd_driver.c estimated size: 734

C:\Program Files\Microchip\xc8\v2.31\pic\sources\c99\common\llmod.c
		___llmod       		CODE           	1CA2	0000	102

C:\Program Files\Microchip\xc8\v2.31\pic\sources\c99\common\llmod.c estimated size: 102

C:\Program Files\Microchip\xc8\v2.31\pic\sources\c99\common\lodiv.c
		___lodiv       		CODE           	187A	0000	206

C:\Program Files\Microchip\xc8\v2.31\pic\sources\c99\common\lodiv.c estimated size: 206

C:\Program Files\Microchip\xc8\v2.31\pic\sources\c99\common\nf_fputc.c
		_fputc         		CODE           	1B24	0000	128

C:\Program Files\Microchip\xc8\v2.31\pic\sources\c99\common\nf_fputc.c estimated size: 128

shared
		_init_msg      		SMALLCONST     	1001	0000	14
		_result_msg_title		SMALLCONST     	101B	0000	8
		__initialization		CODE           	1E5A	0000	56
		_start_game_msg		SMALLCONST     	100F	0000	12

shared estimated size: 90

C:\Program Files\Microchip\xc8\v2.31\pic\sources\c99\common\lwdiv.c
		___lwdiv       		CODE           	1D6C	0000	82

C:\Program Files\Microchip\xc8\v2.31\pic\sources\c99\common\lwdiv.c estimated size: 82

C:\Program Files\Microchip\xc8\v2.31\pic\sources\c99\common\doprnt.c
		_vfpfcnvrt     		CODE           	12E6	0000	466
		_pad           		CODE           	1C24	0000	126
		_vfprintf      		CODE           	1EA0	0000	70
		_utoa          		CODE           	14B8	0000	416

C:\Program Files\Microchip\xc8\v2.31\pic\sources\c99\common\doprnt.c estimated size: 1078

C:\Program Files\Microchip\xc8\v2.31\pic\sources\c99\common\nf_sprintf.c
		_sprintf       		CODE           	1F24	0000	54

C:\Program Files\Microchip\xc8\v2.31\pic\sources\c99\common\nf_sprintf.c estimated size: 54

C:\Program Files\Microchip\xc8\v2.31\pic\sources\c99\common\isspace.c
		_isspace       		CODE           	1EE6	0000	62

C:\Program Files\Microchip\xc8\v2.31\pic\sources\c99\common\isspace.c estimated size: 62

C:\Program Files\Microchip\xc8\v2.31\pic\sources\c99\common\Umul16.c
		___wmul        		CODE           	1FE2	0000	38

C:\Program Files\Microchip\xc8\v2.31\pic\sources\c99\common\Umul16.c estimated size: 38

src/timer.c
		_Timer1_Init_Default		CODE           	2066	0000	8

src/timer.c estimated size: 8

C:\Program Files\Microchip\xc8\v2.31\pic\sources\c99\common\__lldiv.c
		___lldiv       		CODE           	1AA2	0000	130

C:\Program Files\Microchip\xc8\v2.31\pic\sources\c99\common\__lldiv.c estimated size: 130

